[08/18/25 18:20:02] INFO     Starting MCP server 'Atlassian MCP'   server.py:783
                             with transport 'streamable-http' on                
                             http://0.0.0.0:9001/mcp                            
INFO - FastMCP.fastmcp.server.server - Starting MCP server 'Atlassian MCP' with transport 'streamable-http' on http://0.0.0.0:9001/mcp
ERROR - mcp-jira - Error creating Task: Validation error: INVALID_INPUT
ERROR - mcp_atlassian.utils.tool_helpers - Unexpected error in tool 'create_issue': Validation error: INVALID_INPUT
Traceback (most recent call last):
  File "/Users/douglas.mason/Documents/GitHub/mcp-atlassian/src/mcp_atlassian/utils/tool_helpers.py", line 32, in wrapper
    result = await func(*args, **kwargs)
             ^^^^^^^^^^^^^^^^^^^^^^^^^^^
  File "/Users/douglas.mason/Documents/GitHub/mcp-atlassian/src/mcp_atlassian/servers/jira/issues.py", line 167, in create_issue
    return await server_instance.create_issue(
           ^^^^^^^^^^^^^^^^^^^^^^^^^^^^^^^^^^^
  File "/Users/douglas.mason/Documents/GitHub/mcp-atlassian/src/mcp_atlassian/servers/jira/mixins/creation.py", line 113, in create_issue
    issue = jira.create_issue(
            ^^^^^^^^^^^^^^^^^^
  File "/Users/douglas.mason/Documents/GitHub/mcp-atlassian/src/mcp_atlassian/jira/mixins/creation.py", line 128, in create_issue
    result = self.jira.create_issue(fields=fields)
             ^^^^^^^^^^^^^^^^^^^^^^^^^^^^^^^^^^^^^
  File "/Users/douglas.mason/Documents/GitHub/mcp-atlassian/src/mcp_atlassian/rest/jira_adapter.py", line 100, in create_issue
    return self.client.create_issue(fields)
           ^^^^^^^^^^^^^^^^^^^^^^^^^^^^^^^^
  File "/Users/douglas.mason/Documents/GitHub/mcp-atlassian/src/mcp_atlassian/rest/jira_v3.py", line 137, in create_issue
    return self.post("/rest/api/3/issue", json_data=data)
           ^^^^^^^^^^^^^^^^^^^^^^^^^^^^^^^^^^^^^^^^^^^^^^
  File "/Users/douglas.mason/Documents/GitHub/mcp-atlassian/src/mcp_atlassian/rest/base.py", line 363, in post
    return self.request(
           ^^^^^^^^^^^^^
  File "/Users/douglas.mason/Documents/GitHub/mcp-atlassian/src/mcp_atlassian/rest/base.py", line 310, in request
    self._handle_response_error(response)
  File "/Users/douglas.mason/Documents/GitHub/mcp-atlassian/src/mcp_atlassian/rest/base.py", line 184, in _handle_response_error
    raise MCPAtlassianValidationError(f"Validation error: {error_message}")
mcp_atlassian.exceptions.MCPAtlassianValidationError: Validation error: INVALID_INPUT
ERROR - mcp-atlassian - HTTP error creating page '[E2E] Visual Render Validation mcp-e2e-31245': 400 Client Error: Bad Request for url: https://baseball.atlassian.net/wiki/api/v2/pages
ERROR - mcp-atlassian - Response content: {"errors":[{"status":400,"code":"INVALID_MESSAGE","title":"Invalid message","detail":null}]}
ERROR - mcp-atlassian - Request was: {'spaceId': '2347565058', 'status': 'current', 'title': '[E2E] Visual Render Validation mcp-e2e-31245', 'body': {'representation': 'atlas_doc_format', 'value': {'version': 1, 'type': 'doc', 'content': [{'type': 'heading', 'attrs': {'level': 1}, 'content': [{'type': 'text', 'text': 'Formatting Elements Being Tested'}]}, {'type': 'heading', 'attrs': {'level': 2}, 'content': [{'type': 'text', 'text': 'Test Objectives'}]}, {'type': 'paragraph', 'content': [{'type': 'text', 'text': 'This page tests comprehensive markdown and ADF rendering for e2e validation.'}]}, {'type': 'heading', 'attrs': {'level': 3}, 'content': [{'type': 'text', 'text': 'Basic Formatting'}]}, {'type': 'bulletList', 'content': [{'type': 'listItem', 'content': [{'type': 'paragraph', 'content': [{'type': 'text', 'text': 'Bullet Points'}]}]}, {'type': 'listItem', 'content': [{'type': 'paragraph', 'content': [{'type': 'text', 'text': 'Bold text', 'marks': [{'type': 'strong'}]}, {'type': 'text', 'text': ' and '}, {'type': 'text', 'text': 'italic text', 'marks': [{'type': 'em'}]}]}]}, {'type': 'listItem', 'content': [{'type': 'paragraph', 'content': [{'type': 'text', 'text': 'Strikethrough text', 'marks': [{'type': 'strike'}]}]}]}, {'type': 'listItem', 'content': [{'type': 'paragraph', 'content': [{'type': 'text', 'text': 'inline code', 'marks': [{'type': 'code'}]}, {'type': 'text', 'text': ' elements'}]}]}]}, {'type': 'heading', 'attrs': {'level': 3}, 'content': [{'type': 'text', 'text': 'Numbered Lists'}]}, {'type': 'orderedList', 'content': [{'type': 'listItem', 'content': [{'type': 'paragraph', 'content': [{'type': 'text', 'text': 'One'}]}]}, {'type': 'listItem', 'content': [{'type': 'paragraph', 'content': [{'type': 'text', 'text': 'Two'}]}]}, {'type': 'listItem', 'content': [{'type': 'paragraph', 'content': [{'type': 'text', 'text': 'Three'}]}]}]}, {'type': 'heading', 'attrs': {'level': 3}, 'content': [{'type': 'text', 'text': 'Blockquote'}]}, {'type': 'blockquote', 'content': [{'type': 'paragraph', 'content': [{'type': 'text', 'text': 'This is a blockquote with important informationthat spans multiple lines.'}]}]}, {'type': 'heading', 'attrs': {'level': 3}, 'content': [{'type': 'text', 'text': 'Code Blocks'}]}, {'type': 'codeBlock', 'attrs': {'language': 'typescript'}, 'content': [{'type': 'text', 'text': "// TypeScript code block\nconsole.log('hello');\nfunction test(): string {\n  return 'testing';\n}"}]}, {'type': 'heading', 'attrs': {'level': 3}, 'content': [{'type': 'text', 'text': 'Data Tables'}]}, {'type': 'table', 'content': [{'type': 'tableRow', 'content': [{'type': 'tableHeader', 'content': [{'type': 'paragraph', 'content': [{'type': 'text', 'text': 'Col A'}]}]}, {'type': 'tableHeader', 'content': [{'type': 'paragraph', 'content': [{'type': 'text', 'text': 'Col B'}]}]}, {'type': 'tableHeader', 'content': [{'type': 'paragraph', 'content': [{'type': 'text', 'text': 'Col C'}]}]}]}, {'type': 'tableRow', 'content': [{'type': 'tableCell', 'content': [{'type': 'paragraph', 'content': [{'type': 'text', 'text': 'A'}]}]}, {'type': 'tableCell', 'content': [{'type': 'paragraph', 'content': [{'type': 'text', 'text': 'B'}]}]}, {'type': 'tableCell', 'content': [{'type': 'paragraph', 'content': [{'type': 'text', 'text': 'C'}]}]}]}, {'type': 'tableRow', 'content': [{'type': 'tableCell', 'content': [{'type': 'paragraph', 'content': [{'type': 'text', 'text': '1'}]}]}, {'type': 'tableCell', 'content': [{'type': 'paragraph', 'content': [{'type': 'text', 'text': '2'}]}]}, {'type': 'tableCell', 'content': [{'type': 'paragraph', 'content': [{'type': 'text', 'text': '3'}]}]}]}, {'type': 'tableRow', 'content': [{'type': 'tableCell', 'content': [{'type': 'paragraph', 'content': [{'type': 'text', 'text': 'Alpha'}]}]}, {'type': 'tableCell', 'content': [{'type': 'paragraph', 'content': [{'type': 'text', 'text': 'Beta'}]}]}, {'type': 'tableCell', 'content': [{'type': 'paragraph', 'content': [{'type': 'text', 'text': 'Gamma'}]}]}]}]}, {'type': 'heading', 'attrs': {'level': 3}, 'content': [{'type': 'text', 'text': 'ADF Panel Elements'}]}, {'type': 'panel', 'attrs': {'panelType': 'info'}, 'content': [{'type': 'paragraph', 'content': [{'type': 'text', 'text': 'This is an '}, {'type': 'text', 'text': 'info panel', 'marks': [{'type': 'strong'}]}, {'type': 'text', 'text': ' with '}, {'type': 'text', 'text': 'code', 'marks': [{'type': 'code'}]}, {'type': 'text', 'text': ' and '}, {'type': 'text', 'text': 'italic', 'marks': [{'type': 'em'}]}, {'type': 'text', 'text': ' text.'}]}]}, {'type': 'panel', 'attrs': {'panelType': 'warning'}, 'content': [{'type': 'paragraph', 'content': [{'type': 'text', 'text': 'Warning:', 'marks': [{'type': 'strong'}]}, {'type': 'text', 'text': ' This panel contains important information!'}]}]}, {'type': 'panel', 'attrs': {'panelType': 'error'}, 'content': [{'type': 'paragraph', 'content': [{'type': 'text', 'text': 'Error panel with critical information.'}]}]}, {'type': 'panel', 'attrs': {'panelType': 'success'}, 'content': [{'type': 'paragraph', 'content': [{'type': 'text', 'text': 'Success! All tests are passing.'}]}]}, {'type': 'heading', 'attrs': {'level': 3}, 'content': [{'type': 'text', 'text': 'Status Badges'}]}, {'type': 'paragraph', 'content': [{'type': 'text', 'text': 'Project status: '}, {'type': 'status', 'attrs': {'text': 'Complete', 'color': 'green'}}]}, {'type': 'paragraph', 'content': [{'type': 'text', 'text': 'Task status: '}, {'type': 'status', 'attrs': {'text': 'In Progress', 'color': 'blue'}}]}, {'type': 'paragraph', 'content': [{'type': 'text', 'text': 'Issue status: '}, {'type': 'status', 'attrs': {'text': 'Blocked', 'color': 'red'}}]}, {'type': 'paragraph', 'content': [{'type': 'text', 'text': 'Review status: '}, {'type': 'status', 'attrs': {'text': 'Pending', 'color': 'yellow'}}]}, {'type': 'heading', 'attrs': {'level': 3}, 'content': [{'type': 'text', 'text': 'User Mentions'}]}, {'type': 'paragraph', 'content': [{'type': 'text', 'text': 'This task was completed by '}, {'type': 'mention', 'attrs': {'id': 'testuser', 'text': '@testuser'}}, {'type': 'text', 'text': ' and reviewed by '}, {'type': 'mention', 'attrs': {'id': 'test.user', 'text': '@Test User'}}, {'type': 'text', 'text': '.'}]}, {'type': 'heading', 'attrs': {'level': 3}, 'content': [{'type': 'text', 'text': 'Emoji Support'}]}, {'type': 'paragraph', 'content': [{'type': 'text', 'text': 'Great work! '}, {'type': 'emoji', 'attrs': {'shortName': ':thumbsup:', 'text': 'ğŸ‘'}}, {'type': 'text', 'text': ' '}, {'type': 'emoji', 'attrs': {'shortName': ':rocket:', 'text': ':rocket:'}}, {'type': 'text', 'text': ' '}, {'type': 'emoji', 'attrs': {'shortName': ':white_check_mark:', 'text': ':white_check_mark:'}}]}, {'type': 'paragraph', 'content': [{'type': 'text', 'text': 'Status indicators: '}, {'type': 'emoji', 'attrs': {'shortName': ':warning:', 'text': 'âš ï¸'}}, {'type': 'text', 'text': ' '}, {'type': 'emoji', 'attrs': {'shortName': ':information_source:', 'text': ':information_source:'}}, {'type': 'text', 'text': ' '}, {'type': 'emoji', 'attrs': {'shortName': ':x:', 'text': ':x:'}}]}, {'type': 'heading', 'attrs': {'level': 3}, 'content': [{'type': 'text', 'text': 'Expand/Collapse Sections'}]}, {'type': 'expand', 'attrs': {'title': 'Click to expand details'}, 'content': [{'type': 'paragraph', 'content': [{'type': 'text', 'text': 'This content is hidden by default and can be expanded.'}]}, {'type': 'bulletList', 'content': [{'type': 'listItem', 'content': [{'type': 'paragraph', 'content': [{'type': 'text', 'text': 'Hidden bullet point'}]}]}, {'type': 'listItem', 'content': [{'type': 'paragraph', 'content': [{'type': 'text', 'text': 'Another hidden item'}]}]}, {'type': 'listItem', 'content': [{'type': 'paragraph', 'content': [{'type': 'text', 'text': 'hidden code', 'marks': [{'type': 'code'}]}, {'type': 'text', 'text': ' example'}]}]}]}, {'type': 'table', 'content': [{'type': 'tableRow', 'content': [{'type': 'tableHeader', 'content': [{'type': 'paragraph', 'content': [{'type': 'text', 'text': 'Hidden'}]}]}, {'type': 'tableHeader', 'content': [{'type': 'paragraph', 'content': [{'type': 'text', 'text': 'Table'}]}]}]}, {'type': 'tableRow', 'content': [{'type': 'tableCell', 'content': [{'type': 'paragraph', 'content': [{'type': 'text', 'text': 'Data'}]}]}, {'type': 'tableCell', 'content': [{'type': 'paragraph', 'content': [{'type': 'text', 'text': 'Values'}]}]}]}]}]}, {'type': 'expand', 'attrs': {'title': 'Technical Implementation'}, 'content': [{'type': 'codeBlock', 'attrs': {'language': 'javascript'}, 'content': [{'type': 'text', 'text': "// Implementation details\nconst config = {\n  mode: 'production',\n  debug: false\n};"}]}]}, {'type': 'heading', 'attrs': {'level': 3}, 'content': [{'type': 'text', 'text': 'Date Elements'}]}, {'type': 'paragraph', 'content': [{'type': 'text', 'text': 'Project started: '}, {'type': 'date', 'attrs': {'timestamp': 1705302000000}}]}, {'type': 'paragraph', 'content': [{'type': 'text', 'text': 'Deadline: '}, {'type': 'date', 'attrs': {'timestamp': 1735628400000}}]}, {'type': 'heading', 'attrs': {'level': 3}, 'content': [{'type': 'text', 'text': 'Layout Sections'}]}, {'type': 'layout', 'content': [{'type': 'layoutColumn', 'attrs': {'width': 50.0}, 'content': [{'type': 'layoutSection', 'content': [{'type': 'paragraph', 'content': [{'type': 'text', 'text': ''}]}]}]}, {'type': 'layoutColumn', 'attrs': {'width': 50.0}, 'content': [{'type': 'layoutSection', 'content': [{'type': 'paragraph', 'content': [{'type': 'text', 'text': ''}]}]}]}]}, {'type': 'heading', 'attrs': {'level': 3}, 'content': [{'type': 'text', 'text': 'Nested Complex Elements'}]}, {'type': 'panel', 'attrs': {'panelType': 'note'}, 'content': [{'type': 'paragraph', 'content': [{'type': 'text', 'text': 'Complex Panel', 'marks': [{'type': 'strong'}]}, {'type': 'text', 'text': ' with multiple elements:'}]}, {'type': 'paragraph', 'content': [{'type': 'text', 'text': 'Status: '}, {'type': 'status', 'attrs': {'text': 'Active', 'color': 'green'}}]}, {'type': 'paragraph', 'content': [{'type': 'text', 'text': 'Assigned to: '}, {'type': 'mention', 'attrs': {'id': 'testuser', 'text': '@testuser'}}, {'type': 'text', 'text': ' '}, {'type': 'emoji', 'attrs': {'shortName': ':technologist:', 'text': ':technologist:'}}]}, {'type': 'codeBlock', 'attrs': {'language': 'bash'}, 'content': [{'type': 'text', 'text': '# Commands to run\nnpm install\nnpm test'}]}, {'type': 'paragraph', 'content': [{'type': 'text', 'text': 'Due date: '}, {'type': 'date', 'attrs': {'timestamp': 1719727200000}}]}]}, {'type': 'rule'}, {'type': 'paragraph', 'content': [{'type': 'text', 'text': 'End of formatting test document', 'marks': [{'type': 'em'}]}]}]}}}
ERROR - mcp-atlassian - Error creating page '[E2E] Visual Render Validation mcp-e2e-31245' in space ~911651470: Failed to create page '[E2E] Visual Render Validation mcp-e2e-31245': 400 Client Error: Bad Request for url: https://baseball.atlassian.net/wiki/api/v2/pages
[08/18/25 18:20:21] ERROR    Error calling tool              tool_manager.py:129
                             'create_page': Failed to create                    
                             page '[E2E] Visual Render                          
                             Validation mcp-e2e-31245' in                       
                             space ~911651470: Failed to                        
                             create page '[E2E] Visual                          
                             Render Validation                                  
                             mcp-e2e-31245': 400 Client                         
                             Error: Bad Request for url:                        
                             https://baseball.atlassian.net/                    
                             wiki/api/v2/pages                                  
                             â•­â”€ Traceback (most recent calâ”€â•®                    
                             â”‚ /Users/douglas.mason/Docume â”‚                    
                             â”‚ nts/GitHub/mcp-atlassian/sr â”‚                    
                             â”‚ c/mcp_atlassian/confluence/ â”‚                    
                             â”‚ v2_adapter.py:134 in        â”‚                    
                             â”‚ create_page                 â”‚                    
                             â”‚                             â”‚                    
                             â”‚   131 â”‚   â”‚   â”‚   logger.de â”‚                    
                             â”‚   132 â”‚   â”‚   â”‚   logger.de â”‚                    
                             â”‚   133 â”‚   â”‚   â”‚   response  â”‚                    
                             â”‚ â± 134 â”‚   â”‚   â”‚   response. â”‚                    
                             â”‚   135 â”‚   â”‚   â”‚             â”‚                    
                             â”‚   136 â”‚   â”‚   â”‚   result =  â”‚                    
                             â”‚   137 â”‚   â”‚   â”‚   logger.de â”‚                    
                             â”‚                             â”‚                    
                             â”‚ /Users/douglas.mason/Docume â”‚                    
                             â”‚ nts/GitHub/mcp-atlassian/.v â”‚                    
                             â”‚ env/lib/python3.12/site-pac â”‚                    
                             â”‚ kages/requests/models.py:10 â”‚                    
                             â”‚ 26 in raise_for_status      â”‚                    
                             â”‚                             â”‚                    
                             â”‚   1023 â”‚   â”‚   â”‚   )        â”‚                    
                             â”‚   1024 â”‚   â”‚                â”‚                    
                             â”‚   1025 â”‚   â”‚   if http_erro â”‚                    
                             â”‚ â± 1026 â”‚   â”‚   â”‚   raise HT â”‚                    
                             â”‚   1027 â”‚                    â”‚                    
                             â”‚   1028 â”‚   def close(self): â”‚                    
                             â”‚   1029 â”‚   â”‚   """Releases  â”‚                    
                             â•°â”€â”€â”€â”€â”€â”€â”€â”€â”€â”€â”€â”€â”€â”€â”€â”€â”€â”€â”€â”€â”€â”€â”€â”€â”€â”€â”€â”€â”€â•¯                    
                             HTTPError: 400 Client Error:                       
                             Bad Request for url:                               
                             https://baseball.atlassian.net/                    
                             wiki/api/v2/pages                                  
                                                                                
                             The above exception was the                        
                             direct cause of the following                      
                             exception:                                         
                                                                                
                             â•­â”€ Traceback (most recent calâ”€â•®                    
                             â”‚ /Users/douglas.mason/Docume â”‚                    
                             â”‚ nts/GitHub/mcp-atlassian/sr â”‚                    
                             â”‚ c/mcp_atlassian/confluence/ â”‚                    
                             â”‚ pages.py:334 in create_page â”‚                    
                             â”‚                             â”‚                    
                             â”‚   331 â”‚   â”‚   â”‚   logger.de â”‚                    
                             â”‚   332 â”‚   â”‚   â”‚   â”‚   f"Usi â”‚                    
                             â”‚   333 â”‚   â”‚   â”‚   )         â”‚                    
                             â”‚ â± 334 â”‚   â”‚   â”‚   result =  â”‚                    
                             â”‚   335 â”‚   â”‚   â”‚   â”‚   space â”‚                    
                             â”‚   336 â”‚   â”‚   â”‚   â”‚   title â”‚                    
                             â”‚   337 â”‚   â”‚   â”‚   â”‚   body= â”‚                    
                             â”‚                             â”‚                    
                             â”‚ /Users/douglas.mason/Docume â”‚                    
                             â”‚ nts/GitHub/mcp-atlassian/sr â”‚                    
                             â”‚ c/mcp_atlassian/confluence/ â”‚                    
                             â”‚ v2_adapter.py:147 in        â”‚                    
                             â”‚ create_page                 â”‚                    
                             â”‚                             â”‚                    
                             â”‚   144 â”‚   â”‚   â”‚   if e.resp â”‚                    
                             â”‚   145 â”‚   â”‚   â”‚   â”‚   logge â”‚                    
                             â”‚   146 â”‚   â”‚   â”‚   â”‚   logge â”‚                    
                             â”‚ â± 147 â”‚   â”‚   â”‚   raise Val â”‚                    
                             â”‚   148 â”‚   â”‚   except Except â”‚                    
                             â”‚   149 â”‚   â”‚   â”‚   logger.er â”‚                    
                             â”‚   150 â”‚   â”‚   â”‚   raise Val â”‚                    
                             â•°â”€â”€â”€â”€â”€â”€â”€â”€â”€â”€â”€â”€â”€â”€â”€â”€â”€â”€â”€â”€â”€â”€â”€â”€â”€â”€â”€â”€â”€â•¯                    
                             ValueError: Failed to create                       
                             page '[E2E] Visual Render                          
                             Validation mcp-e2e-31245': 400                     
                             Client Error: Bad Request for                      
                             url:                                               
                             https://baseball.atlassian.net/                    
                             wiki/api/v2/pages                                  
                                                                                
                             The above exception was the                        
                             direct cause of the following                      
                             exception:                                         
                                                                                
                             â•­â”€ Traceback (most recent calâ”€â•®                    
                             â”‚ /Users/douglas.mason/Docume â”‚                    
                             â”‚ nts/GitHub/mcp-atlassian/.v â”‚                    
                             â”‚ env/lib/python3.12/site-pac â”‚                    
                             â”‚ kages/fastmcp/tools/tool_ma â”‚                    
                             â”‚ nager.py:120 in call_tool   â”‚                    
                             â”‚                             â”‚                    
                             â”‚   117 â”‚   â”‚   â”‚   raise Not â”‚                    
                             â”‚   118 â”‚   â”‚                 â”‚                    
                             â”‚   119 â”‚   â”‚   try:          â”‚                    
                             â”‚ â± 120 â”‚   â”‚   â”‚   return aw â”‚                    
                             â”‚   121 â”‚   â”‚                 â”‚                    
                             â”‚   122 â”‚   â”‚   # raise ToolE â”‚                    
                             â”‚   123 â”‚   â”‚   except ToolEr â”‚                    
                             â”‚                             â”‚                    
                             â”‚ /Users/douglas.mason/Docume â”‚                    
                             â”‚ nts/GitHub/mcp-atlassian/.v â”‚                    
                             â”‚ env/lib/python3.12/site-pac â”‚                    
                             â”‚ kages/fastmcp/tools/tool.py â”‚                    
                             â”‚ :144 in run                 â”‚                    
                             â”‚                             â”‚                    
                             â”‚   141 â”‚   â”‚   type_adapter  â”‚                    
                             â”‚   142 â”‚   â”‚   result = type â”‚                    
                             â”‚   143 â”‚   â”‚   if inspect.is â”‚                    
                             â”‚ â± 144 â”‚   â”‚   â”‚   result =  â”‚                    
                             â”‚   145 â”‚   â”‚                 â”‚                    
                             â”‚   146 â”‚   â”‚   return _conve â”‚                    
                             â”‚   147                       â”‚                    
                             â”‚                             â”‚                    
                             â”‚ /Users/douglas.mason/Docume â”‚                    
                             â”‚ nts/GitHub/mcp-atlassian/sr â”‚                    
                             â”‚ c/mcp_atlassian/utils/decor â”‚                    
                             â”‚ ators.py:72 in wrapper      â”‚                    
                             â”‚                             â”‚                    
                             â”‚    69 â”‚   â”‚   â”‚   â”‚   ensur â”‚                    
                             â”‚    70 â”‚   â”‚   â”‚   )         â”‚                    
                             â”‚    71 â”‚   â”‚                 â”‚                    
                             â”‚ â±  72 â”‚   â”‚   return await  â”‚                    
                             â”‚    73 â”‚                     â”‚                    
                             â”‚    74 â”‚   return wrapper  # â”‚                    
                             â”‚    75                       â”‚                    
                             â”‚                             â”‚                    
                             â”‚ /Users/douglas.mason/Docume â”‚                    
                             â”‚ nts/GitHub/mcp-atlassian/sr â”‚                    
                             â”‚ c/mcp_atlassian/servers/con â”‚                    
                             â”‚ fluence/pages.py:314 in     â”‚                    
                             â”‚ create_page                 â”‚                    
                             â”‚                             â”‚                    
                             â”‚   311 â”‚   â”‚   is_markdown = â”‚                    
                             â”‚   312 â”‚   â”‚   content_repre â”‚                    
                             â”‚   313 â”‚                     â”‚                    
                             â”‚ â± 314 â”‚   page = confluence â”‚                    
                             â”‚   315 â”‚   â”‚   space_id=spac â”‚                    
                             â”‚   316 â”‚   â”‚   title=title,  â”‚                    
                             â”‚   317 â”‚   â”‚   body=content, â”‚                    
                             â”‚                             â”‚                    
                             â”‚ /Users/douglas.mason/Docume â”‚                    
                             â”‚ nts/GitHub/mcp-atlassian/sr â”‚                    
                             â”‚ c/mcp_atlassian/confluence/ â”‚                    
                             â”‚ pages.py:352 in create_page â”‚                    
                             â”‚                             â”‚                    
                             â”‚   349 â”‚   â”‚   â”‚   logger.er â”‚                    
                             â”‚   350 â”‚   â”‚   â”‚   â”‚   f"Err â”‚                    
                             â”‚   351 â”‚   â”‚   â”‚   )         â”‚                    
                             â”‚ â± 352 â”‚   â”‚   â”‚   raise Exc â”‚                    
                             â”‚   353 â”‚   â”‚   â”‚   â”‚   f"Fai â”‚                    
                             â”‚   354 â”‚   â”‚   â”‚   ) from e  â”‚                    
                             â”‚   355                       â”‚                    
                             â•°â”€â”€â”€â”€â”€â”€â”€â”€â”€â”€â”€â”€â”€â”€â”€â”€â”€â”€â”€â”€â”€â”€â”€â”€â”€â”€â”€â”€â”€â•¯                    
                             Exception: Failed to create                        
                             page '[E2E] Visual Render                          
                             Validation mcp-e2e-31245' in                       
                             space ~911651470: Failed to                        
                             create page '[E2E] Visual                          
                             Render Validation                                  
                             mcp-e2e-31245': 400 Client                         
                             Error: Bad Request for url:                        
                             https://baseball.atlassian.net/                    
                             wiki/api/v2/pages                                  
ERROR - FastMCP.fastmcp.tools.tool_manager - Error calling tool 'create_page': Failed to create page '[E2E] Visual Render Validation mcp-e2e-31245' in space ~911651470: Failed to create page '[E2E] Visual Render Validation mcp-e2e-31245': 400 Client Error: Bad Request for url: https://baseball.atlassian.net/wiki/api/v2/pages
Traceback (most recent call last):
  File "/Users/douglas.mason/Documents/GitHub/mcp-atlassian/src/mcp_atlassian/confluence/v2_adapter.py", line 134, in create_page
    response.raise_for_status()
  File "/Users/douglas.mason/Documents/GitHub/mcp-atlassian/.venv/lib/python3.12/site-packages/requests/models.py", line 1026, in raise_for_status
    raise HTTPError(http_error_msg, response=self)
requests.exceptions.HTTPError: 400 Client Error: Bad Request for url: https://baseball.atlassian.net/wiki/api/v2/pages

The above exception was the direct cause of the following exception:

Traceback (most recent call last):
  File "/Users/douglas.mason/Documents/GitHub/mcp-atlassian/src/mcp_atlassian/confluence/pages.py", line 334, in create_page
    result = self._v2_adapter_instance.create_page(
             ^^^^^^^^^^^^^^^^^^^^^^^^^^^^^^^^^^^^^^
  File "/Users/douglas.mason/Documents/GitHub/mcp-atlassian/src/mcp_atlassian/confluence/v2_adapter.py", line 147, in create_page
    raise ValueError(f"Failed to create page '{title}': {e}") from e
ValueError: Failed to create page '[E2E] Visual Render Validation mcp-e2e-31245': 400 Client Error: Bad Request for url: https://baseball.atlassian.net/wiki/api/v2/pages

The above exception was the direct cause of the following exception:

Traceback (most recent call last):
  File "/Users/douglas.mason/Documents/GitHub/mcp-atlassian/.venv/lib/python3.12/site-packages/fastmcp/tools/tool_manager.py", line 120, in call_tool
    return await tool.run(arguments)
           ^^^^^^^^^^^^^^^^^^^^^^^^^
  File "/Users/douglas.mason/Documents/GitHub/mcp-atlassian/.venv/lib/python3.12/site-packages/fastmcp/tools/tool.py", line 144, in run
    result = await result
             ^^^^^^^^^^^^
  File "/Users/douglas.mason/Documents/GitHub/mcp-atlassian/src/mcp_atlassian/utils/decorators.py", line 72, in wrapper
    return await func(ctx, *args, **kwargs)
           ^^^^^^^^^^^^^^^^^^^^^^^^^^^^^^^^
  File "/Users/douglas.mason/Documents/GitHub/mcp-atlassian/src/mcp_atlassian/servers/confluence/pages.py", line 314, in create_page
    page = confluence_fetcher.create_page(
           ^^^^^^^^^^^^^^^^^^^^^^^^^^^^^^^
  File "/Users/douglas.mason/Documents/GitHub/mcp-atlassian/src/mcp_atlassian/confluence/pages.py", line 352, in create_page
    raise Exception(
Exception: Failed to create page '[E2E] Visual Render Validation mcp-e2e-31245' in space ~911651470: Failed to create page '[E2E] Visual Render Validation mcp-e2e-31245': 400 Client Error: Bad Request for url: https://baseball.atlassian.net/wiki/api/v2/pages
ERROR - mcp-jira - Error creating Task: Validation error: INVALID_INPUT
ERROR - mcp_atlassian.utils.tool_helpers - Unexpected error in tool 'create_issue': Validation error: INVALID_INPUT
Traceback (most recent call last):
  File "/Users/douglas.mason/Documents/GitHub/mcp-atlassian/src/mcp_atlassian/utils/tool_helpers.py", line 32, in wrapper
    result = await func(*args, **kwargs)
             ^^^^^^^^^^^^^^^^^^^^^^^^^^^
  File "/Users/douglas.mason/Documents/GitHub/mcp-atlassian/src/mcp_atlassian/servers/jira/issues.py", line 167, in create_issue
    return await server_instance.create_issue(
           ^^^^^^^^^^^^^^^^^^^^^^^^^^^^^^^^^^^
  File "/Users/douglas.mason/Documents/GitHub/mcp-atlassian/src/mcp_atlassian/servers/jira/mixins/creation.py", line 113, in create_issue
    issue = jira.create_issue(
            ^^^^^^^^^^^^^^^^^^
  File "/Users/douglas.mason/Documents/GitHub/mcp-atlassian/src/mcp_atlassian/jira/mixins/creation.py", line 128, in create_issue
    result = self.jira.create_issue(fields=fields)
             ^^^^^^^^^^^^^^^^^^^^^^^^^^^^^^^^^^^^^
  File "/Users/douglas.mason/Documents/GitHub/mcp-atlassian/src/mcp_atlassian/rest/jira_adapter.py", line 100, in create_issue
    return self.client.create_issue(fields)
           ^^^^^^^^^^^^^^^^^^^^^^^^^^^^^^^^
  File "/Users/douglas.mason/Documents/GitHub/mcp-atlassian/src/mcp_atlassian/rest/jira_v3.py", line 137, in create_issue
    return self.post("/rest/api/3/issue", json_data=data)
           ^^^^^^^^^^^^^^^^^^^^^^^^^^^^^^^^^^^^^^^^^^^^^^
  File "/Users/douglas.mason/Documents/GitHub/mcp-atlassian/src/mcp_atlassian/rest/base.py", line 363, in post
    return self.request(
           ^^^^^^^^^^^^^
  File "/Users/douglas.mason/Documents/GitHub/mcp-atlassian/src/mcp_atlassian/rest/base.py", line 310, in request
    self._handle_response_error(response)
  File "/Users/douglas.mason/Documents/GitHub/mcp-atlassian/src/mcp_atlassian/rest/base.py", line 184, in _handle_response_error
    raise MCPAtlassianValidationError(f"Validation error: {error_message}")
mcp_atlassian.exceptions.MCPAtlassianValidationError: Validation error: INVALID_INPUT
ERROR - mcp-atlassian - HTTP error creating page '[E2E] Visual Render Validation mcp-e2e-33452': 400 Client Error: Bad Request for url: https://baseball.atlassian.net/wiki/api/v2/pages
ERROR - mcp-atlassian - Response content: {"errors":[{"status":400,"code":"INVALID_MESSAGE","title":"Invalid message","detail":null}]}
ERROR - mcp-atlassian - Request was: {'spaceId': '2347565058', 'status': 'current', 'title': '[E2E] Visual Render Validation mcp-e2e-33452', 'body': {'representation': 'atlas_doc_format', 'value': {'version': 1, 'type': 'doc', 'content': [{'type': 'heading', 'attrs': {'level': 1}, 'content': [{'type': 'text', 'text': 'Formatting Elements Being Tested'}]}, {'type': 'heading', 'attrs': {'level': 2}, 'content': [{'type': 'text', 'text': 'Test Objectives'}]}, {'type': 'paragraph', 'content': [{'type': 'text', 'text': 'This page tests comprehensive markdown and ADF rendering for e2e validation.'}]}, {'type': 'heading', 'attrs': {'level': 3}, 'content': [{'type': 'text', 'text': 'Basic Formatting'}]}, {'type': 'bulletList', 'content': [{'type': 'listItem', 'content': [{'type': 'paragraph', 'content': [{'type': 'text', 'text': 'Bullet Points'}]}]}, {'type': 'listItem', 'content': [{'type': 'paragraph', 'content': [{'type': 'text', 'text': 'Bold text', 'marks': [{'type': 'strong'}]}, {'type': 'text', 'text': ' and '}, {'type': 'text', 'text': 'italic text', 'marks': [{'type': 'em'}]}]}]}, {'type': 'listItem', 'content': [{'type': 'paragraph', 'content': [{'type': 'text', 'text': 'Strikethrough text', 'marks': [{'type': 'strike'}]}]}]}, {'type': 'listItem', 'content': [{'type': 'paragraph', 'content': [{'type': 'text', 'text': 'inline code', 'marks': [{'type': 'code'}]}, {'type': 'text', 'text': ' elements'}]}]}]}, {'type': 'heading', 'attrs': {'level': 3}, 'content': [{'type': 'text', 'text': 'Numbered Lists'}]}, {'type': 'orderedList', 'content': [{'type': 'listItem', 'content': [{'type': 'paragraph', 'content': [{'type': 'text', 'text': 'One'}]}]}, {'type': 'listItem', 'content': [{'type': 'paragraph', 'content': [{'type': 'text', 'text': 'Two'}]}]}, {'type': 'listItem', 'content': [{'type': 'paragraph', 'content': [{'type': 'text', 'text': 'Three'}]}]}]}, {'type': 'heading', 'attrs': {'level': 3}, 'content': [{'type': 'text', 'text': 'Blockquote'}]}, {'type': 'blockquote', 'content': [{'type': 'paragraph', 'content': [{'type': 'text', 'text': 'This is a blockquote with important informationthat spans multiple lines.'}]}]}, {'type': 'heading', 'attrs': {'level': 3}, 'content': [{'type': 'text', 'text': 'Code Blocks'}]}, {'type': 'codeBlock', 'attrs': {'language': 'typescript'}, 'content': [{'type': 'text', 'text': "// TypeScript code block\nconsole.log('hello');\nfunction test(): string {\n  return 'testing';\n}"}]}, {'type': 'heading', 'attrs': {'level': 3}, 'content': [{'type': 'text', 'text': 'Data Tables'}]}, {'type': 'table', 'content': [{'type': 'tableRow', 'content': [{'type': 'tableHeader', 'content': [{'type': 'paragraph', 'content': [{'type': 'text', 'text': 'Col A'}]}]}, {'type': 'tableHeader', 'content': [{'type': 'paragraph', 'content': [{'type': 'text', 'text': 'Col B'}]}]}, {'type': 'tableHeader', 'content': [{'type': 'paragraph', 'content': [{'type': 'text', 'text': 'Col C'}]}]}]}, {'type': 'tableRow', 'content': [{'type': 'tableCell', 'content': [{'type': 'paragraph', 'content': [{'type': 'text', 'text': 'A'}]}]}, {'type': 'tableCell', 'content': [{'type': 'paragraph', 'content': [{'type': 'text', 'text': 'B'}]}]}, {'type': 'tableCell', 'content': [{'type': 'paragraph', 'content': [{'type': 'text', 'text': 'C'}]}]}]}, {'type': 'tableRow', 'content': [{'type': 'tableCell', 'content': [{'type': 'paragraph', 'content': [{'type': 'text', 'text': '1'}]}]}, {'type': 'tableCell', 'content': [{'type': 'paragraph', 'content': [{'type': 'text', 'text': '2'}]}]}, {'type': 'tableCell', 'content': [{'type': 'paragraph', 'content': [{'type': 'text', 'text': '3'}]}]}]}, {'type': 'tableRow', 'content': [{'type': 'tableCell', 'content': [{'type': 'paragraph', 'content': [{'type': 'text', 'text': 'Alpha'}]}]}, {'type': 'tableCell', 'content': [{'type': 'paragraph', 'content': [{'type': 'text', 'text': 'Beta'}]}]}, {'type': 'tableCell', 'content': [{'type': 'paragraph', 'content': [{'type': 'text', 'text': 'Gamma'}]}]}]}]}, {'type': 'heading', 'attrs': {'level': 3}, 'content': [{'type': 'text', 'text': 'ADF Panel Elements'}]}, {'type': 'panel', 'attrs': {'panelType': 'info'}, 'content': [{'type': 'paragraph', 'content': [{'type': 'text', 'text': 'This is an '}, {'type': 'text', 'text': 'info panel', 'marks': [{'type': 'strong'}]}, {'type': 'text', 'text': ' with '}, {'type': 'text', 'text': 'code', 'marks': [{'type': 'code'}]}, {'type': 'text', 'text': ' and '}, {'type': 'text', 'text': 'italic', 'marks': [{'type': 'em'}]}, {'type': 'text', 'text': ' text.'}]}]}, {'type': 'panel', 'attrs': {'panelType': 'warning'}, 'content': [{'type': 'paragraph', 'content': [{'type': 'text', 'text': 'Warning:', 'marks': [{'type': 'strong'}]}, {'type': 'text', 'text': ' This panel contains important information!'}]}]}, {'type': 'panel', 'attrs': {'panelType': 'error'}, 'content': [{'type': 'paragraph', 'content': [{'type': 'text', 'text': 'Error panel with critical information.'}]}]}, {'type': 'panel', 'attrs': {'panelType': 'success'}, 'content': [{'type': 'paragraph', 'content': [{'type': 'text', 'text': 'Success! All tests are passing.'}]}]}, {'type': 'heading', 'attrs': {'level': 3}, 'content': [{'type': 'text', 'text': 'Status Badges'}]}, {'type': 'paragraph', 'content': [{'type': 'text', 'text': 'Project status: '}, {'type': 'status', 'attrs': {'text': 'Complete', 'color': 'green'}}]}, {'type': 'paragraph', 'content': [{'type': 'text', 'text': 'Task status: '}, {'type': 'status', 'attrs': {'text': 'In Progress', 'color': 'blue'}}]}, {'type': 'paragraph', 'content': [{'type': 'text', 'text': 'Issue status: '}, {'type': 'status', 'attrs': {'text': 'Blocked', 'color': 'red'}}]}, {'type': 'paragraph', 'content': [{'type': 'text', 'text': 'Review status: '}, {'type': 'status', 'attrs': {'text': 'Pending', 'color': 'yellow'}}]}, {'type': 'heading', 'attrs': {'level': 3}, 'content': [{'type': 'text', 'text': 'User Mentions'}]}, {'type': 'paragraph', 'content': [{'type': 'text', 'text': 'This task was completed by '}, {'type': 'mention', 'attrs': {'id': 'testuser', 'text': '@testuser'}}, {'type': 'text', 'text': ' and reviewed by '}, {'type': 'mention', 'attrs': {'id': 'test.user', 'text': '@Test User'}}, {'type': 'text', 'text': '.'}]}, {'type': 'heading', 'attrs': {'level': 3}, 'content': [{'type': 'text', 'text': 'Emoji Support'}]}, {'type': 'paragraph', 'content': [{'type': 'text', 'text': 'Great work! '}, {'type': 'emoji', 'attrs': {'shortName': ':thumbsup:', 'text': 'ğŸ‘'}}, {'type': 'text', 'text': ' '}, {'type': 'emoji', 'attrs': {'shortName': ':rocket:', 'text': ':rocket:'}}, {'type': 'text', 'text': ' '}, {'type': 'emoji', 'attrs': {'shortName': ':white_check_mark:', 'text': ':white_check_mark:'}}]}, {'type': 'paragraph', 'content': [{'type': 'text', 'text': 'Status indicators: '}, {'type': 'emoji', 'attrs': {'shortName': ':warning:', 'text': 'âš ï¸'}}, {'type': 'text', 'text': ' '}, {'type': 'emoji', 'attrs': {'shortName': ':information_source:', 'text': ':information_source:'}}, {'type': 'text', 'text': ' '}, {'type': 'emoji', 'attrs': {'shortName': ':x:', 'text': ':x:'}}]}, {'type': 'heading', 'attrs': {'level': 3}, 'content': [{'type': 'text', 'text': 'Expand/Collapse Sections'}]}, {'type': 'expand', 'attrs': {'title': 'Click to expand details'}, 'content': [{'type': 'paragraph', 'content': [{'type': 'text', 'text': 'This content is hidden by default and can be expanded.'}]}, {'type': 'bulletList', 'content': [{'type': 'listItem', 'content': [{'type': 'paragraph', 'content': [{'type': 'text', 'text': 'Hidden bullet point'}]}]}, {'type': 'listItem', 'content': [{'type': 'paragraph', 'content': [{'type': 'text', 'text': 'Another hidden item'}]}]}, {'type': 'listItem', 'content': [{'type': 'paragraph', 'content': [{'type': 'text', 'text': 'hidden code', 'marks': [{'type': 'code'}]}, {'type': 'text', 'text': ' example'}]}]}]}, {'type': 'table', 'content': [{'type': 'tableRow', 'content': [{'type': 'tableHeader', 'content': [{'type': 'paragraph', 'content': [{'type': 'text', 'text': 'Hidden'}]}]}, {'type': 'tableHeader', 'content': [{'type': 'paragraph', 'content': [{'type': 'text', 'text': 'Table'}]}]}]}, {'type': 'tableRow', 'content': [{'type': 'tableCell', 'content': [{'type': 'paragraph', 'content': [{'type': 'text', 'text': 'Data'}]}]}, {'type': 'tableCell', 'content': [{'type': 'paragraph', 'content': [{'type': 'text', 'text': 'Values'}]}]}]}]}]}, {'type': 'expand', 'attrs': {'title': 'Technical Implementation'}, 'content': [{'type': 'codeBlock', 'attrs': {'language': 'javascript'}, 'content': [{'type': 'text', 'text': "// Implementation details\nconst config = {\n  mode: 'production',\n  debug: false\n};"}]}]}, {'type': 'heading', 'attrs': {'level': 3}, 'content': [{'type': 'text', 'text': 'Date Elements'}]}, {'type': 'paragraph', 'content': [{'type': 'text', 'text': 'Project started: '}, {'type': 'date', 'attrs': {'timestamp': 1705302000000}}]}, {'type': 'paragraph', 'content': [{'type': 'text', 'text': 'Deadline: '}, {'type': 'date', 'attrs': {'timestamp': 1735628400000}}]}, {'type': 'heading', 'attrs': {'level': 3}, 'content': [{'type': 'text', 'text': 'Layout Sections'}]}, {'type': 'layout', 'content': [{'type': 'layoutColumn', 'attrs': {'width': 50.0}, 'content': [{'type': 'layoutSection', 'content': [{'type': 'paragraph', 'content': [{'type': 'text', 'text': ''}]}]}]}, {'type': 'layoutColumn', 'attrs': {'width': 50.0}, 'content': [{'type': 'layoutSection', 'content': [{'type': 'paragraph', 'content': [{'type': 'text', 'text': ''}]}]}]}]}, {'type': 'heading', 'attrs': {'level': 3}, 'content': [{'type': 'text', 'text': 'Nested Complex Elements'}]}, {'type': 'panel', 'attrs': {'panelType': 'note'}, 'content': [{'type': 'paragraph', 'content': [{'type': 'text', 'text': 'Complex Panel', 'marks': [{'type': 'strong'}]}, {'type': 'text', 'text': ' with multiple elements:'}]}, {'type': 'paragraph', 'content': [{'type': 'text', 'text': 'Status: '}, {'type': 'status', 'attrs': {'text': 'Active', 'color': 'green'}}]}, {'type': 'paragraph', 'content': [{'type': 'text', 'text': 'Assigned to: '}, {'type': 'mention', 'attrs': {'id': 'testuser', 'text': '@testuser'}}, {'type': 'text', 'text': ' '}, {'type': 'emoji', 'attrs': {'shortName': ':technologist:', 'text': ':technologist:'}}]}, {'type': 'codeBlock', 'attrs': {'language': 'bash'}, 'content': [{'type': 'text', 'text': '# Commands to run\nnpm install\nnpm test'}]}, {'type': 'paragraph', 'content': [{'type': 'text', 'text': 'Due date: '}, {'type': 'date', 'attrs': {'timestamp': 1719727200000}}]}]}, {'type': 'rule'}, {'type': 'paragraph', 'content': [{'type': 'text', 'text': 'End of formatting test document', 'marks': [{'type': 'em'}]}]}]}}}
ERROR - mcp-atlassian - Error creating page '[E2E] Visual Render Validation mcp-e2e-33452' in space ~911651470: Failed to create page '[E2E] Visual Render Validation mcp-e2e-33452': 400 Client Error: Bad Request for url: https://baseball.atlassian.net/wiki/api/v2/pages
[08/18/25 18:27:02] ERROR    Error calling tool              tool_manager.py:129
                             'create_page': Failed to create                    
                             page '[E2E] Visual Render                          
                             Validation mcp-e2e-33452' in                       
                             space ~911651470: Failed to                        
                             create page '[E2E] Visual                          
                             Render Validation                                  
                             mcp-e2e-33452': 400 Client                         
                             Error: Bad Request for url:                        
                             https://baseball.atlassian.net/                    
                             wiki/api/v2/pages                                  
                             â•­â”€ Traceback (most recent calâ”€â•®                    
                             â”‚ /Users/douglas.mason/Docume â”‚                    
                             â”‚ nts/GitHub/mcp-atlassian/sr â”‚                    
                             â”‚ c/mcp_atlassian/confluence/ â”‚                    
                             â”‚ v2_adapter.py:134 in        â”‚                    
                             â”‚ create_page                 â”‚                    
                             â”‚                             â”‚                    
                             â”‚   131 â”‚   â”‚   â”‚   logger.de â”‚                    
                             â”‚   132 â”‚   â”‚   â”‚   logger.de â”‚                    
                             â”‚   133 â”‚   â”‚   â”‚   response  â”‚                    
                             â”‚ â± 134 â”‚   â”‚   â”‚   response. â”‚                    
                             â”‚   135 â”‚   â”‚   â”‚             â”‚                    
                             â”‚   136 â”‚   â”‚   â”‚   result =  â”‚                    
                             â”‚   137 â”‚   â”‚   â”‚   logger.de â”‚                    
                             â”‚                             â”‚                    
                             â”‚ /Users/douglas.mason/Docume â”‚                    
                             â”‚ nts/GitHub/mcp-atlassian/.v â”‚                    
                             â”‚ env/lib/python3.12/site-pac â”‚                    
                             â”‚ kages/requests/models.py:10 â”‚                    
                             â”‚ 26 in raise_for_status      â”‚                    
                             â”‚                             â”‚                    
                             â”‚   1023 â”‚   â”‚   â”‚   )        â”‚                    
                             â”‚   1024 â”‚   â”‚                â”‚                    
                             â”‚   1025 â”‚   â”‚   if http_erro â”‚                    
                             â”‚ â± 1026 â”‚   â”‚   â”‚   raise HT â”‚                    
                             â”‚   1027 â”‚                    â”‚                    
                             â”‚   1028 â”‚   def close(self): â”‚                    
                             â”‚   1029 â”‚   â”‚   """Releases  â”‚                    
                             â•°â”€â”€â”€â”€â”€â”€â”€â”€â”€â”€â”€â”€â”€â”€â”€â”€â”€â”€â”€â”€â”€â”€â”€â”€â”€â”€â”€â”€â”€â•¯                    
                             HTTPError: 400 Client Error:                       
                             Bad Request for url:                               
                             https://baseball.atlassian.net/                    
                             wiki/api/v2/pages                                  
                                                                                
                             The above exception was the                        
                             direct cause of the following                      
                             exception:                                         
                                                                                
                             â•­â”€ Traceback (most recent calâ”€â•®                    
                             â”‚ /Users/douglas.mason/Docume â”‚                    
                             â”‚ nts/GitHub/mcp-atlassian/sr â”‚                    
                             â”‚ c/mcp_atlassian/confluence/ â”‚                    
                             â”‚ pages.py:334 in create_page â”‚                    
                             â”‚                             â”‚                    
                             â”‚   331 â”‚   â”‚   â”‚   logger.de â”‚                    
                             â”‚   332 â”‚   â”‚   â”‚   â”‚   f"Usi â”‚                    
                             â”‚   333 â”‚   â”‚   â”‚   )         â”‚                    
                             â”‚ â± 334 â”‚   â”‚   â”‚   result =  â”‚                    
                             â”‚   335 â”‚   â”‚   â”‚   â”‚   space â”‚                    
                             â”‚   336 â”‚   â”‚   â”‚   â”‚   title â”‚                    
                             â”‚   337 â”‚   â”‚   â”‚   â”‚   body= â”‚                    
                             â”‚                             â”‚                    
                             â”‚ /Users/douglas.mason/Docume â”‚                    
                             â”‚ nts/GitHub/mcp-atlassian/sr â”‚                    
                             â”‚ c/mcp_atlassian/confluence/ â”‚                    
                             â”‚ v2_adapter.py:147 in        â”‚                    
                             â”‚ create_page                 â”‚                    
                             â”‚                             â”‚                    
                             â”‚   144 â”‚   â”‚   â”‚   if e.resp â”‚                    
                             â”‚   145 â”‚   â”‚   â”‚   â”‚   logge â”‚                    
                             â”‚   146 â”‚   â”‚   â”‚   â”‚   logge â”‚                    
                             â”‚ â± 147 â”‚   â”‚   â”‚   raise Val â”‚                    
                             â”‚   148 â”‚   â”‚   except Except â”‚                    
                             â”‚   149 â”‚   â”‚   â”‚   logger.er â”‚                    
                             â”‚   150 â”‚   â”‚   â”‚   raise Val â”‚                    
                             â•°â”€â”€â”€â”€â”€â”€â”€â”€â”€â”€â”€â”€â”€â”€â”€â”€â”€â”€â”€â”€â”€â”€â”€â”€â”€â”€â”€â”€â”€â•¯                    
                             ValueError: Failed to create                       
                             page '[E2E] Visual Render                          
                             Validation mcp-e2e-33452': 400                     
                             Client Error: Bad Request for                      
                             url:                                               
                             https://baseball.atlassian.net/                    
                             wiki/api/v2/pages                                  
                                                                                
                             The above exception was the                        
                             direct cause of the following                      
                             exception:                                         
                                                                                
                             â•­â”€ Traceback (most recent calâ”€â•®                    
                             â”‚ /Users/douglas.mason/Docume â”‚                    
                             â”‚ nts/GitHub/mcp-atlassian/.v â”‚                    
                             â”‚ env/lib/python3.12/site-pac â”‚                    
                             â”‚ kages/fastmcp/tools/tool_ma â”‚                    
                             â”‚ nager.py:120 in call_tool   â”‚                    
                             â”‚                             â”‚                    
                             â”‚   117 â”‚   â”‚   â”‚   raise Not â”‚                    
                             â”‚   118 â”‚   â”‚                 â”‚                    
                             â”‚   119 â”‚   â”‚   try:          â”‚                    
                             â”‚ â± 120 â”‚   â”‚   â”‚   return aw â”‚                    
                             â”‚   121 â”‚   â”‚                 â”‚                    
                             â”‚   122 â”‚   â”‚   # raise ToolE â”‚                    
                             â”‚   123 â”‚   â”‚   except ToolEr â”‚                    
                             â”‚                             â”‚                    
                             â”‚ /Users/douglas.mason/Docume â”‚                    
                             â”‚ nts/GitHub/mcp-atlassian/.v â”‚                    
                             â”‚ env/lib/python3.12/site-pac â”‚                    
                             â”‚ kages/fastmcp/tools/tool.py â”‚                    
                             â”‚ :144 in run                 â”‚                    
                             â”‚                             â”‚                    
                             â”‚   141 â”‚   â”‚   type_adapter  â”‚                    
                             â”‚   142 â”‚   â”‚   result = type â”‚                    
                             â”‚   143 â”‚   â”‚   if inspect.is â”‚                    
                             â”‚ â± 144 â”‚   â”‚   â”‚   result =  â”‚                    
                             â”‚   145 â”‚   â”‚                 â”‚                    
                             â”‚   146 â”‚   â”‚   return _conve â”‚                    
                             â”‚   147                       â”‚                    
                             â”‚                             â”‚                    
                             â”‚ /Users/douglas.mason/Docume â”‚                    
                             â”‚ nts/GitHub/mcp-atlassian/sr â”‚                    
                             â”‚ c/mcp_atlassian/utils/decor â”‚                    
                             â”‚ ators.py:72 in wrapper      â”‚                    
                             â”‚                             â”‚                    
                             â”‚    69 â”‚   â”‚   â”‚   â”‚   ensur â”‚                    
                             â”‚    70 â”‚   â”‚   â”‚   )         â”‚                    
                             â”‚    71 â”‚   â”‚                 â”‚                    
                             â”‚ â±  72 â”‚   â”‚   return await  â”‚                    
                             â”‚    73 â”‚                     â”‚                    
                             â”‚    74 â”‚   return wrapper  # â”‚                    
                             â”‚    75                       â”‚                    
                             â”‚                             â”‚                    
                             â”‚ /Users/douglas.mason/Docume â”‚                    
                             â”‚ nts/GitHub/mcp-atlassian/sr â”‚                    
                             â”‚ c/mcp_atlassian/servers/con â”‚                    
                             â”‚ fluence/pages.py:314 in     â”‚                    
                             â”‚ create_page                 â”‚                    
                             â”‚                             â”‚                    
                             â”‚   311 â”‚   â”‚   is_markdown = â”‚                    
                             â”‚   312 â”‚   â”‚   content_repre â”‚                    
                             â”‚   313 â”‚                     â”‚                    
                             â”‚ â± 314 â”‚   page = confluence â”‚                    
                             â”‚   315 â”‚   â”‚   space_id=spac â”‚                    
                             â”‚   316 â”‚   â”‚   title=title,  â”‚                    
                             â”‚   317 â”‚   â”‚   body=content, â”‚                    
                             â”‚                             â”‚                    
                             â”‚ /Users/douglas.mason/Docume â”‚                    
                             â”‚ nts/GitHub/mcp-atlassian/sr â”‚                    
                             â”‚ c/mcp_atlassian/confluence/ â”‚                    
                             â”‚ pages.py:352 in create_page â”‚                    
                             â”‚                             â”‚                    
                             â”‚   349 â”‚   â”‚   â”‚   logger.er â”‚                    
                             â”‚   350 â”‚   â”‚   â”‚   â”‚   f"Err â”‚                    
                             â”‚   351 â”‚   â”‚   â”‚   )         â”‚                    
                             â”‚ â± 352 â”‚   â”‚   â”‚   raise Exc â”‚                    
                             â”‚   353 â”‚   â”‚   â”‚   â”‚   f"Fai â”‚                    
                             â”‚   354 â”‚   â”‚   â”‚   ) from e  â”‚                    
                             â”‚   355                       â”‚                    
                             â•°â”€â”€â”€â”€â”€â”€â”€â”€â”€â”€â”€â”€â”€â”€â”€â”€â”€â”€â”€â”€â”€â”€â”€â”€â”€â”€â”€â”€â”€â•¯                    
                             Exception: Failed to create                        
                             page '[E2E] Visual Render                          
                             Validation mcp-e2e-33452' in                       
                             space ~911651470: Failed to                        
                             create page '[E2E] Visual                          
                             Render Validation                                  
                             mcp-e2e-33452': 400 Client                         
                             Error: Bad Request for url:                        
                             https://baseball.atlassian.net/                    
                             wiki/api/v2/pages                                  
ERROR - FastMCP.fastmcp.tools.tool_manager - Error calling tool 'create_page': Failed to create page '[E2E] Visual Render Validation mcp-e2e-33452' in space ~911651470: Failed to create page '[E2E] Visual Render Validation mcp-e2e-33452': 400 Client Error: Bad Request for url: https://baseball.atlassian.net/wiki/api/v2/pages
Traceback (most recent call last):
  File "/Users/douglas.mason/Documents/GitHub/mcp-atlassian/src/mcp_atlassian/confluence/v2_adapter.py", line 134, in create_page
    response.raise_for_status()
  File "/Users/douglas.mason/Documents/GitHub/mcp-atlassian/.venv/lib/python3.12/site-packages/requests/models.py", line 1026, in raise_for_status
    raise HTTPError(http_error_msg, response=self)
requests.exceptions.HTTPError: 400 Client Error: Bad Request for url: https://baseball.atlassian.net/wiki/api/v2/pages

The above exception was the direct cause of the following exception:

Traceback (most recent call last):
  File "/Users/douglas.mason/Documents/GitHub/mcp-atlassian/src/mcp_atlassian/confluence/pages.py", line 334, in create_page
    result = self._v2_adapter_instance.create_page(
             ^^^^^^^^^^^^^^^^^^^^^^^^^^^^^^^^^^^^^^
  File "/Users/douglas.mason/Documents/GitHub/mcp-atlassian/src/mcp_atlassian/confluence/v2_adapter.py", line 147, in create_page
    raise ValueError(f"Failed to create page '{title}': {e}") from e
ValueError: Failed to create page '[E2E] Visual Render Validation mcp-e2e-33452': 400 Client Error: Bad Request for url: https://baseball.atlassian.net/wiki/api/v2/pages

The above exception was the direct cause of the following exception:

Traceback (most recent call last):
  File "/Users/douglas.mason/Documents/GitHub/mcp-atlassian/.venv/lib/python3.12/site-packages/fastmcp/tools/tool_manager.py", line 120, in call_tool
    return await tool.run(arguments)
           ^^^^^^^^^^^^^^^^^^^^^^^^^
  File "/Users/douglas.mason/Documents/GitHub/mcp-atlassian/.venv/lib/python3.12/site-packages/fastmcp/tools/tool.py", line 144, in run
    result = await result
             ^^^^^^^^^^^^
  File "/Users/douglas.mason/Documents/GitHub/mcp-atlassian/src/mcp_atlassian/utils/decorators.py", line 72, in wrapper
    return await func(ctx, *args, **kwargs)
           ^^^^^^^^^^^^^^^^^^^^^^^^^^^^^^^^
  File "/Users/douglas.mason/Documents/GitHub/mcp-atlassian/src/mcp_atlassian/servers/confluence/pages.py", line 314, in create_page
    page = confluence_fetcher.create_page(
           ^^^^^^^^^^^^^^^^^^^^^^^^^^^^^^^
  File "/Users/douglas.mason/Documents/GitHub/mcp-atlassian/src/mcp_atlassian/confluence/pages.py", line 352, in create_page
    raise Exception(
Exception: Failed to create page '[E2E] Visual Render Validation mcp-e2e-33452' in space ~911651470: Failed to create page '[E2E] Visual Render Validation mcp-e2e-33452': 400 Client Error: Bad Request for url: https://baseball.atlassian.net/wiki/api/v2/pages
ERROR - mcp-jira - Error creating Task: Validation error: INVALID_INPUT
ERROR - mcp_atlassian.utils.tool_helpers - Unexpected error in tool 'create_issue': Validation error: INVALID_INPUT
Traceback (most recent call last):
  File "/Users/douglas.mason/Documents/GitHub/mcp-atlassian/src/mcp_atlassian/utils/tool_helpers.py", line 32, in wrapper
    result = await func(*args, **kwargs)
             ^^^^^^^^^^^^^^^^^^^^^^^^^^^
  File "/Users/douglas.mason/Documents/GitHub/mcp-atlassian/src/mcp_atlassian/servers/jira/issues.py", line 167, in create_issue
    return await server_instance.create_issue(
           ^^^^^^^^^^^^^^^^^^^^^^^^^^^^^^^^^^^
  File "/Users/douglas.mason/Documents/GitHub/mcp-atlassian/src/mcp_atlassian/servers/jira/mixins/creation.py", line 113, in create_issue
    issue = jira.create_issue(
            ^^^^^^^^^^^^^^^^^^
  File "/Users/douglas.mason/Documents/GitHub/mcp-atlassian/src/mcp_atlassian/jira/mixins/creation.py", line 128, in create_issue
    result = self.jira.create_issue(fields=fields)
             ^^^^^^^^^^^^^^^^^^^^^^^^^^^^^^^^^^^^^
  File "/Users/douglas.mason/Documents/GitHub/mcp-atlassian/src/mcp_atlassian/rest/jira_adapter.py", line 100, in create_issue
    return self.client.create_issue(fields)
           ^^^^^^^^^^^^^^^^^^^^^^^^^^^^^^^^
  File "/Users/douglas.mason/Documents/GitHub/mcp-atlassian/src/mcp_atlassian/rest/jira_v3.py", line 137, in create_issue
    return self.post("/rest/api/3/issue", json_data=data)
           ^^^^^^^^^^^^^^^^^^^^^^^^^^^^^^^^^^^^^^^^^^^^^^
  File "/Users/douglas.mason/Documents/GitHub/mcp-atlassian/src/mcp_atlassian/rest/base.py", line 363, in post
    return self.request(
           ^^^^^^^^^^^^^
  File "/Users/douglas.mason/Documents/GitHub/mcp-atlassian/src/mcp_atlassian/rest/base.py", line 310, in request
    self._handle_response_error(response)
  File "/Users/douglas.mason/Documents/GitHub/mcp-atlassian/src/mcp_atlassian/rest/base.py", line 184, in _handle_response_error
    raise MCPAtlassianValidationError(f"Validation error: {error_message}")
mcp_atlassian.exceptions.MCPAtlassianValidationError: Validation error: INVALID_INPUT
ERROR - mcp-atlassian - HTTP error creating page '[E2E] Visual Render Validation mcp-e2e-45622': 400 Client Error: Bad Request for url: https://baseball.atlassian.net/wiki/api/v2/pages
ERROR - mcp-atlassian - Response content: {"errors":[{"status":400,"code":"INVALID_MESSAGE","title":"Invalid message","detail":null}]}
ERROR - mcp-atlassian - Request was: {'spaceId': '2347565058', 'status': 'current', 'title': '[E2E] Visual Render Validation mcp-e2e-45622', 'body': {'representation': 'atlas_doc_format', 'value': {'version': 1, 'type': 'doc', 'content': [{'type': 'heading', 'attrs': {'level': 1}, 'content': [{'type': 'text', 'text': 'Formatting Elements Being Tested'}]}, {'type': 'heading', 'attrs': {'level': 2}, 'content': [{'type': 'text', 'text': 'Test Objectives'}]}, {'type': 'paragraph', 'content': [{'type': 'text', 'text': 'This page tests comprehensive markdown and ADF rendering for e2e validation.'}]}, {'type': 'heading', 'attrs': {'level': 3}, 'content': [{'type': 'text', 'text': 'Basic Formatting'}]}, {'type': 'bulletList', 'content': [{'type': 'listItem', 'content': [{'type': 'paragraph', 'content': [{'type': 'text', 'text': 'Bullet Points'}]}]}, {'type': 'listItem', 'content': [{'type': 'paragraph', 'content': [{'type': 'text', 'text': 'Bold text', 'marks': [{'type': 'strong'}]}, {'type': 'text', 'text': ' and '}, {'type': 'text', 'text': 'italic text', 'marks': [{'type': 'em'}]}]}]}, {'type': 'listItem', 'content': [{'type': 'paragraph', 'content': [{'type': 'text', 'text': 'Strikethrough text', 'marks': [{'type': 'strike'}]}]}]}, {'type': 'listItem', 'content': [{'type': 'paragraph', 'content': [{'type': 'text', 'text': 'inline code', 'marks': [{'type': 'code'}]}, {'type': 'text', 'text': ' elements'}]}]}]}, {'type': 'heading', 'attrs': {'level': 3}, 'content': [{'type': 'text', 'text': 'Numbered Lists'}]}, {'type': 'orderedList', 'content': [{'type': 'listItem', 'content': [{'type': 'paragraph', 'content': [{'type': 'text', 'text': 'One'}]}]}, {'type': 'listItem', 'content': [{'type': 'paragraph', 'content': [{'type': 'text', 'text': 'Two'}]}]}, {'type': 'listItem', 'content': [{'type': 'paragraph', 'content': [{'type': 'text', 'text': 'Three'}]}]}]}, {'type': 'heading', 'attrs': {'level': 3}, 'content': [{'type': 'text', 'text': 'Blockquote'}]}, {'type': 'blockquote', 'content': [{'type': 'paragraph', 'content': [{'type': 'text', 'text': 'This is a blockquote with important informationthat spans multiple lines.'}]}]}, {'type': 'heading', 'attrs': {'level': 3}, 'content': [{'type': 'text', 'text': 'Code Blocks'}]}, {'type': 'codeBlock', 'attrs': {'language': 'typescript'}, 'content': [{'type': 'text', 'text': "// TypeScript code block\nconsole.log('hello');\nfunction test(): string {\n  return 'testing';\n}"}]}, {'type': 'heading', 'attrs': {'level': 3}, 'content': [{'type': 'text', 'text': 'Data Tables'}]}, {'type': 'table', 'content': [{'type': 'tableRow', 'content': [{'type': 'tableHeader', 'content': [{'type': 'paragraph', 'content': [{'type': 'text', 'text': 'Col A'}]}]}, {'type': 'tableHeader', 'content': [{'type': 'paragraph', 'content': [{'type': 'text', 'text': 'Col B'}]}]}, {'type': 'tableHeader', 'content': [{'type': 'paragraph', 'content': [{'type': 'text', 'text': 'Col C'}]}]}]}, {'type': 'tableRow', 'content': [{'type': 'tableCell', 'content': [{'type': 'paragraph', 'content': [{'type': 'text', 'text': 'A'}]}]}, {'type': 'tableCell', 'content': [{'type': 'paragraph', 'content': [{'type': 'text', 'text': 'B'}]}]}, {'type': 'tableCell', 'content': [{'type': 'paragraph', 'content': [{'type': 'text', 'text': 'C'}]}]}]}, {'type': 'tableRow', 'content': [{'type': 'tableCell', 'content': [{'type': 'paragraph', 'content': [{'type': 'text', 'text': '1'}]}]}, {'type': 'tableCell', 'content': [{'type': 'paragraph', 'content': [{'type': 'text', 'text': '2'}]}]}, {'type': 'tableCell', 'content': [{'type': 'paragraph', 'content': [{'type': 'text', 'text': '3'}]}]}]}, {'type': 'tableRow', 'content': [{'type': 'tableCell', 'content': [{'type': 'paragraph', 'content': [{'type': 'text', 'text': 'Alpha'}]}]}, {'type': 'tableCell', 'content': [{'type': 'paragraph', 'content': [{'type': 'text', 'text': 'Beta'}]}]}, {'type': 'tableCell', 'content': [{'type': 'paragraph', 'content': [{'type': 'text', 'text': 'Gamma'}]}]}]}]}, {'type': 'heading', 'attrs': {'level': 3}, 'content': [{'type': 'text', 'text': 'ADF Panel Elements'}]}, {'type': 'panel', 'attrs': {'panelType': 'info'}, 'content': [{'type': 'paragraph', 'content': [{'type': 'text', 'text': 'This is an '}, {'type': 'text', 'text': 'info panel', 'marks': [{'type': 'strong'}]}, {'type': 'text', 'text': ' with '}, {'type': 'text', 'text': 'code', 'marks': [{'type': 'code'}]}, {'type': 'text', 'text': ' and '}, {'type': 'text', 'text': 'italic', 'marks': [{'type': 'em'}]}, {'type': 'text', 'text': ' text.'}]}]}, {'type': 'panel', 'attrs': {'panelType': 'warning'}, 'content': [{'type': 'paragraph', 'content': [{'type': 'text', 'text': 'Warning:', 'marks': [{'type': 'strong'}]}, {'type': 'text', 'text': ' This panel contains important information!'}]}]}, {'type': 'panel', 'attrs': {'panelType': 'error'}, 'content': [{'type': 'paragraph', 'content': [{'type': 'text', 'text': 'Error panel with critical information.'}]}]}, {'type': 'panel', 'attrs': {'panelType': 'success'}, 'content': [{'type': 'paragraph', 'content': [{'type': 'text', 'text': 'Success! All tests are passing.'}]}]}, {'type': 'heading', 'attrs': {'level': 3}, 'content': [{'type': 'text', 'text': 'Status Badges'}]}, {'type': 'paragraph', 'content': [{'type': 'text', 'text': 'Project status: '}, {'type': 'status', 'attrs': {'text': 'Complete', 'color': 'green'}}]}, {'type': 'paragraph', 'content': [{'type': 'text', 'text': 'Task status: '}, {'type': 'status', 'attrs': {'text': 'In Progress', 'color': 'blue'}}]}, {'type': 'paragraph', 'content': [{'type': 'text', 'text': 'Issue status: '}, {'type': 'status', 'attrs': {'text': 'Blocked', 'color': 'red'}}]}, {'type': 'paragraph', 'content': [{'type': 'text', 'text': 'Review status: '}, {'type': 'status', 'attrs': {'text': 'Pending', 'color': 'yellow'}}]}, {'type': 'heading', 'attrs': {'level': 3}, 'content': [{'type': 'text', 'text': 'User Mentions'}]}, {'type': 'paragraph', 'content': [{'type': 'text', 'text': 'This task was completed by '}, {'type': 'mention', 'attrs': {'id': 'testuser', 'text': '@testuser'}}, {'type': 'text', 'text': ' and reviewed by '}, {'type': 'mention', 'attrs': {'id': 'test.user', 'text': '@Test User'}}, {'type': 'text', 'text': '.'}]}, {'type': 'heading', 'attrs': {'level': 3}, 'content': [{'type': 'text', 'text': 'Emoji Support'}]}, {'type': 'paragraph', 'content': [{'type': 'text', 'text': 'Great work! '}, {'type': 'emoji', 'attrs': {'shortName': ':thumbsup:', 'text': 'ğŸ‘'}}, {'type': 'text', 'text': ' '}, {'type': 'emoji', 'attrs': {'shortName': ':rocket:', 'text': ':rocket:'}}, {'type': 'text', 'text': ' '}, {'type': 'emoji', 'attrs': {'shortName': ':white_check_mark:', 'text': ':white_check_mark:'}}]}, {'type': 'paragraph', 'content': [{'type': 'text', 'text': 'Status indicators: '}, {'type': 'emoji', 'attrs': {'shortName': ':warning:', 'text': 'âš ï¸'}}, {'type': 'text', 'text': ' '}, {'type': 'emoji', 'attrs': {'shortName': ':information_source:', 'text': ':information_source:'}}, {'type': 'text', 'text': ' '}, {'type': 'emoji', 'attrs': {'shortName': ':x:', 'text': ':x:'}}]}, {'type': 'heading', 'attrs': {'level': 3}, 'content': [{'type': 'text', 'text': 'Expand/Collapse Sections'}]}, {'type': 'expand', 'attrs': {'title': 'Click to expand details'}, 'content': [{'type': 'paragraph', 'content': [{'type': 'text', 'text': 'This content is hidden by default and can be expanded.'}]}, {'type': 'bulletList', 'content': [{'type': 'listItem', 'content': [{'type': 'paragraph', 'content': [{'type': 'text', 'text': 'Hidden bullet point'}]}]}, {'type': 'listItem', 'content': [{'type': 'paragraph', 'content': [{'type': 'text', 'text': 'Another hidden item'}]}]}, {'type': 'listItem', 'content': [{'type': 'paragraph', 'content': [{'type': 'text', 'text': 'hidden code', 'marks': [{'type': 'code'}]}, {'type': 'text', 'text': ' example'}]}]}]}, {'type': 'table', 'content': [{'type': 'tableRow', 'content': [{'type': 'tableHeader', 'content': [{'type': 'paragraph', 'content': [{'type': 'text', 'text': 'Hidden'}]}]}, {'type': 'tableHeader', 'content': [{'type': 'paragraph', 'content': [{'type': 'text', 'text': 'Table'}]}]}]}, {'type': 'tableRow', 'content': [{'type': 'tableCell', 'content': [{'type': 'paragraph', 'content': [{'type': 'text', 'text': 'Data'}]}]}, {'type': 'tableCell', 'content': [{'type': 'paragraph', 'content': [{'type': 'text', 'text': 'Values'}]}]}]}]}]}, {'type': 'expand', 'attrs': {'title': 'Technical Implementation'}, 'content': [{'type': 'codeBlock', 'attrs': {'language': 'javascript'}, 'content': [{'type': 'text', 'text': "// Implementation details\nconst config = {\n  mode: 'production',\n  debug: false\n};"}]}]}, {'type': 'heading', 'attrs': {'level': 3}, 'content': [{'type': 'text', 'text': 'Date Elements'}]}, {'type': 'paragraph', 'content': [{'type': 'text', 'text': 'Project started: '}, {'type': 'date', 'attrs': {'timestamp': 1705302000000}}]}, {'type': 'paragraph', 'content': [{'type': 'text', 'text': 'Deadline: '}, {'type': 'date', 'attrs': {'timestamp': 1735628400000}}]}, {'type': 'heading', 'attrs': {'level': 3}, 'content': [{'type': 'text', 'text': 'Layout Sections'}]}, {'type': 'layout', 'content': [{'type': 'layoutColumn', 'attrs': {'width': 50.0}, 'content': [{'type': 'layoutSection', 'content': [{'type': 'paragraph', 'content': [{'type': 'text', 'text': ''}]}]}]}, {'type': 'layoutColumn', 'attrs': {'width': 50.0}, 'content': [{'type': 'layoutSection', 'content': [{'type': 'paragraph', 'content': [{'type': 'text', 'text': ''}]}]}]}]}, {'type': 'heading', 'attrs': {'level': 3}, 'content': [{'type': 'text', 'text': 'Nested Complex Elements'}]}, {'type': 'panel', 'attrs': {'panelType': 'note'}, 'content': [{'type': 'paragraph', 'content': [{'type': 'text', 'text': 'Complex Panel', 'marks': [{'type': 'strong'}]}, {'type': 'text', 'text': ' with multiple elements:'}]}, {'type': 'paragraph', 'content': [{'type': 'text', 'text': 'Status: '}, {'type': 'status', 'attrs': {'text': 'Active', 'color': 'green'}}]}, {'type': 'paragraph', 'content': [{'type': 'text', 'text': 'Assigned to: '}, {'type': 'mention', 'attrs': {'id': 'testuser', 'text': '@testuser'}}, {'type': 'text', 'text': ' '}, {'type': 'emoji', 'attrs': {'shortName': ':technologist:', 'text': ':technologist:'}}]}, {'type': 'codeBlock', 'attrs': {'language': 'bash'}, 'content': [{'type': 'text', 'text': '# Commands to run\nnpm install\nnpm test'}]}, {'type': 'paragraph', 'content': [{'type': 'text', 'text': 'Due date: '}, {'type': 'date', 'attrs': {'timestamp': 1719727200000}}]}]}, {'type': 'rule'}, {'type': 'paragraph', 'content': [{'type': 'text', 'text': 'End of formatting test document', 'marks': [{'type': 'em'}]}]}]}}}
ERROR - mcp-atlassian - Error creating page '[E2E] Visual Render Validation mcp-e2e-45622' in space ~911651470: Failed to create page '[E2E] Visual Render Validation mcp-e2e-45622': 400 Client Error: Bad Request for url: https://baseball.atlassian.net/wiki/api/v2/pages
[08/18/25 18:47:36] ERROR    Error calling tool              tool_manager.py:129
                             'create_page': Failed to create                    
                             page '[E2E] Visual Render                          
                             Validation mcp-e2e-45622' in                       
                             space ~911651470: Failed to                        
                             create page '[E2E] Visual                          
                             Render Validation                                  
                             mcp-e2e-45622': 400 Client                         
                             Error: Bad Request for url:                        
                             https://baseball.atlassian.net/                    
                             wiki/api/v2/pages                                  
                             â•­â”€ Traceback (most recent calâ”€â•®                    
                             â”‚ /Users/douglas.mason/Docume â”‚                    
                             â”‚ nts/GitHub/mcp-atlassian/sr â”‚                    
                             â”‚ c/mcp_atlassian/confluence/ â”‚                    
                             â”‚ v2_adapter.py:134 in        â”‚                    
                             â”‚ create_page                 â”‚                    
                             â”‚                             â”‚                    
                             â”‚   131 â”‚   â”‚   â”‚   logger.de â”‚                    
                             â”‚   132 â”‚   â”‚   â”‚   logger.de â”‚                    
                             â”‚   133 â”‚   â”‚   â”‚   response  â”‚                    
                             â”‚ â± 134 â”‚   â”‚   â”‚   response. â”‚                    
                             â”‚   135 â”‚   â”‚   â”‚             â”‚                    
                             â”‚   136 â”‚   â”‚   â”‚   result =  â”‚                    
                             â”‚   137 â”‚   â”‚   â”‚   logger.de â”‚                    
                             â”‚                             â”‚                    
                             â”‚ /Users/douglas.mason/Docume â”‚                    
                             â”‚ nts/GitHub/mcp-atlassian/.v â”‚                    
                             â”‚ env/lib/python3.12/site-pac â”‚                    
                             â”‚ kages/requests/models.py:10 â”‚                    
                             â”‚ 26 in raise_for_status      â”‚                    
                             â”‚                             â”‚                    
                             â”‚   1023 â”‚   â”‚   â”‚   )        â”‚                    
                             â”‚   1024 â”‚   â”‚                â”‚                    
                             â”‚   1025 â”‚   â”‚   if http_erro â”‚                    
                             â”‚ â± 1026 â”‚   â”‚   â”‚   raise HT â”‚                    
                             â”‚   1027 â”‚                    â”‚                    
                             â”‚   1028 â”‚   def close(self): â”‚                    
                             â”‚   1029 â”‚   â”‚   """Releases  â”‚                    
                             â•°â”€â”€â”€â”€â”€â”€â”€â”€â”€â”€â”€â”€â”€â”€â”€â”€â”€â”€â”€â”€â”€â”€â”€â”€â”€â”€â”€â”€â”€â•¯                    
                             HTTPError: 400 Client Error:                       
                             Bad Request for url:                               
                             https://baseball.atlassian.net/                    
                             wiki/api/v2/pages                                  
                                                                                
                             The above exception was the                        
                             direct cause of the following                      
                             exception:                                         
                                                                                
                             â•­â”€ Traceback (most recent calâ”€â•®                    
                             â”‚ /Users/douglas.mason/Docume â”‚                    
                             â”‚ nts/GitHub/mcp-atlassian/sr â”‚                    
                             â”‚ c/mcp_atlassian/confluence/ â”‚                    
                             â”‚ pages.py:334 in create_page â”‚                    
                             â”‚                             â”‚                    
                             â”‚   331 â”‚   â”‚   â”‚   logger.de â”‚                    
                             â”‚   332 â”‚   â”‚   â”‚   â”‚   f"Usi â”‚                    
                             â”‚   333 â”‚   â”‚   â”‚   )         â”‚                    
                             â”‚ â± 334 â”‚   â”‚   â”‚   result =  â”‚                    
                             â”‚   335 â”‚   â”‚   â”‚   â”‚   space â”‚                    
                             â”‚   336 â”‚   â”‚   â”‚   â”‚   title â”‚                    
                             â”‚   337 â”‚   â”‚   â”‚   â”‚   body= â”‚                    
                             â”‚                             â”‚                    
                             â”‚ /Users/douglas.mason/Docume â”‚                    
                             â”‚ nts/GitHub/mcp-atlassian/sr â”‚                    
                             â”‚ c/mcp_atlassian/confluence/ â”‚                    
                             â”‚ v2_adapter.py:147 in        â”‚                    
                             â”‚ create_page                 â”‚                    
                             â”‚                             â”‚                    
                             â”‚   144 â”‚   â”‚   â”‚   if e.resp â”‚                    
                             â”‚   145 â”‚   â”‚   â”‚   â”‚   logge â”‚                    
                             â”‚   146 â”‚   â”‚   â”‚   â”‚   logge â”‚                    
                             â”‚ â± 147 â”‚   â”‚   â”‚   raise Val â”‚                    
                             â”‚   148 â”‚   â”‚   except Except â”‚                    
                             â”‚   149 â”‚   â”‚   â”‚   logger.er â”‚                    
                             â”‚   150 â”‚   â”‚   â”‚   raise Val â”‚                    
                             â•°â”€â”€â”€â”€â”€â”€â”€â”€â”€â”€â”€â”€â”€â”€â”€â”€â”€â”€â”€â”€â”€â”€â”€â”€â”€â”€â”€â”€â”€â•¯                    
                             ValueError: Failed to create                       
                             page '[E2E] Visual Render                          
                             Validation mcp-e2e-45622': 400                     
                             Client Error: Bad Request for                      
                             url:                                               
                             https://baseball.atlassian.net/                    
                             wiki/api/v2/pages                                  
                                                                                
                             The above exception was the                        
                             direct cause of the following                      
                             exception:                                         
                                                                                
                             â•­â”€ Traceback (most recent calâ”€â•®                    
                             â”‚ /Users/douglas.mason/Docume â”‚                    
                             â”‚ nts/GitHub/mcp-atlassian/.v â”‚                    
                             â”‚ env/lib/python3.12/site-pac â”‚                    
                             â”‚ kages/fastmcp/tools/tool_ma â”‚                    
                             â”‚ nager.py:120 in call_tool   â”‚                    
                             â”‚                             â”‚                    
                             â”‚   117 â”‚   â”‚   â”‚   raise Not â”‚                    
                             â”‚   118 â”‚   â”‚                 â”‚                    
                             â”‚   119 â”‚   â”‚   try:          â”‚                    
                             â”‚ â± 120 â”‚   â”‚   â”‚   return aw â”‚                    
                             â”‚   121 â”‚   â”‚                 â”‚                    
                             â”‚   122 â”‚   â”‚   # raise ToolE â”‚                    
                             â”‚   123 â”‚   â”‚   except ToolEr â”‚                    
                             â”‚                             â”‚                    
                             â”‚ /Users/douglas.mason/Docume â”‚                    
                             â”‚ nts/GitHub/mcp-atlassian/.v â”‚                    
                             â”‚ env/lib/python3.12/site-pac â”‚                    
                             â”‚ kages/fastmcp/tools/tool.py â”‚                    
                             â”‚ :144 in run                 â”‚                    
                             â”‚                             â”‚                    
                             â”‚   141 â”‚   â”‚   type_adapter  â”‚                    
                             â”‚   142 â”‚   â”‚   result = type â”‚                    
                             â”‚   143 â”‚   â”‚   if inspect.is â”‚                    
                             â”‚ â± 144 â”‚   â”‚   â”‚   result =  â”‚                    
                             â”‚   145 â”‚   â”‚                 â”‚                    
                             â”‚   146 â”‚   â”‚   return _conve â”‚                    
                             â”‚   147                       â”‚                    
                             â”‚                             â”‚                    
                             â”‚ /Users/douglas.mason/Docume â”‚                    
                             â”‚ nts/GitHub/mcp-atlassian/sr â”‚                    
                             â”‚ c/mcp_atlassian/utils/decor â”‚                    
                             â”‚ ators.py:72 in wrapper      â”‚                    
                             â”‚                             â”‚                    
                             â”‚    69 â”‚   â”‚   â”‚   â”‚   ensur â”‚                    
                             â”‚    70 â”‚   â”‚   â”‚   )         â”‚                    
                             â”‚    71 â”‚   â”‚                 â”‚                    
                             â”‚ â±  72 â”‚   â”‚   return await  â”‚                    
                             â”‚    73 â”‚                     â”‚                    
                             â”‚    74 â”‚   return wrapper  # â”‚                    
                             â”‚    75                       â”‚                    
                             â”‚                             â”‚                    
                             â”‚ /Users/douglas.mason/Docume â”‚                    
                             â”‚ nts/GitHub/mcp-atlassian/sr â”‚                    
                             â”‚ c/mcp_atlassian/servers/con â”‚                    
                             â”‚ fluence/pages.py:314 in     â”‚                    
                             â”‚ create_page                 â”‚                    
                             â”‚                             â”‚                    
                             â”‚   311 â”‚   â”‚   is_markdown = â”‚                    
                             â”‚   312 â”‚   â”‚   content_repre â”‚                    
                             â”‚   313 â”‚                     â”‚                    
                             â”‚ â± 314 â”‚   page = confluence â”‚                    
                             â”‚   315 â”‚   â”‚   space_id=spac â”‚                    
                             â”‚   316 â”‚   â”‚   title=title,  â”‚                    
                             â”‚   317 â”‚   â”‚   body=content, â”‚                    
                             â”‚                             â”‚                    
                             â”‚ /Users/douglas.mason/Docume â”‚                    
                             â”‚ nts/GitHub/mcp-atlassian/sr â”‚                    
                             â”‚ c/mcp_atlassian/confluence/ â”‚                    
                             â”‚ pages.py:352 in create_page â”‚                    
                             â”‚                             â”‚                    
                             â”‚   349 â”‚   â”‚   â”‚   logger.er â”‚                    
                             â”‚   350 â”‚   â”‚   â”‚   â”‚   f"Err â”‚                    
                             â”‚   351 â”‚   â”‚   â”‚   )         â”‚                    
                             â”‚ â± 352 â”‚   â”‚   â”‚   raise Exc â”‚                    
                             â”‚   353 â”‚   â”‚   â”‚   â”‚   f"Fai â”‚                    
                             â”‚   354 â”‚   â”‚   â”‚   ) from e  â”‚                    
                             â”‚   355                       â”‚                    
                             â•°â”€â”€â”€â”€â”€â”€â”€â”€â”€â”€â”€â”€â”€â”€â”€â”€â”€â”€â”€â”€â”€â”€â”€â”€â”€â”€â”€â”€â”€â•¯                    
                             Exception: Failed to create                        
                             page '[E2E] Visual Render                          
                             Validation mcp-e2e-45622' in                       
                             space ~911651470: Failed to                        
                             create page '[E2E] Visual                          
                             Render Validation                                  
                             mcp-e2e-45622': 400 Client                         
                             Error: Bad Request for url:                        
                             https://baseball.atlassian.net/                    
                             wiki/api/v2/pages                                  
ERROR - FastMCP.fastmcp.tools.tool_manager - Error calling tool 'create_page': Failed to create page '[E2E] Visual Render Validation mcp-e2e-45622' in space ~911651470: Failed to create page '[E2E] Visual Render Validation mcp-e2e-45622': 400 Client Error: Bad Request for url: https://baseball.atlassian.net/wiki/api/v2/pages
Traceback (most recent call last):
  File "/Users/douglas.mason/Documents/GitHub/mcp-atlassian/src/mcp_atlassian/confluence/v2_adapter.py", line 134, in create_page
    response.raise_for_status()
  File "/Users/douglas.mason/Documents/GitHub/mcp-atlassian/.venv/lib/python3.12/site-packages/requests/models.py", line 1026, in raise_for_status
    raise HTTPError(http_error_msg, response=self)
requests.exceptions.HTTPError: 400 Client Error: Bad Request for url: https://baseball.atlassian.net/wiki/api/v2/pages

The above exception was the direct cause of the following exception:

Traceback (most recent call last):
  File "/Users/douglas.mason/Documents/GitHub/mcp-atlassian/src/mcp_atlassian/confluence/pages.py", line 334, in create_page
    result = self._v2_adapter_instance.create_page(
             ^^^^^^^^^^^^^^^^^^^^^^^^^^^^^^^^^^^^^^
  File "/Users/douglas.mason/Documents/GitHub/mcp-atlassian/src/mcp_atlassian/confluence/v2_adapter.py", line 147, in create_page
    raise ValueError(f"Failed to create page '{title}': {e}") from e
ValueError: Failed to create page '[E2E] Visual Render Validation mcp-e2e-45622': 400 Client Error: Bad Request for url: https://baseball.atlassian.net/wiki/api/v2/pages

The above exception was the direct cause of the following exception:

Traceback (most recent call last):
  File "/Users/douglas.mason/Documents/GitHub/mcp-atlassian/.venv/lib/python3.12/site-packages/fastmcp/tools/tool_manager.py", line 120, in call_tool
    return await tool.run(arguments)
           ^^^^^^^^^^^^^^^^^^^^^^^^^
  File "/Users/douglas.mason/Documents/GitHub/mcp-atlassian/.venv/lib/python3.12/site-packages/fastmcp/tools/tool.py", line 144, in run
    result = await result
             ^^^^^^^^^^^^
  File "/Users/douglas.mason/Documents/GitHub/mcp-atlassian/src/mcp_atlassian/utils/decorators.py", line 72, in wrapper
    return await func(ctx, *args, **kwargs)
           ^^^^^^^^^^^^^^^^^^^^^^^^^^^^^^^^
  File "/Users/douglas.mason/Documents/GitHub/mcp-atlassian/src/mcp_atlassian/servers/confluence/pages.py", line 314, in create_page
    page = confluence_fetcher.create_page(
           ^^^^^^^^^^^^^^^^^^^^^^^^^^^^^^^
  File "/Users/douglas.mason/Documents/GitHub/mcp-atlassian/src/mcp_atlassian/confluence/pages.py", line 352, in create_page
    raise Exception(
Exception: Failed to create page '[E2E] Visual Render Validation mcp-e2e-45622' in space ~911651470: Failed to create page '[E2E] Visual Render Validation mcp-e2e-45622': 400 Client Error: Bad Request for url: https://baseball.atlassian.net/wiki/api/v2/pages
ERROR:    Cancel 0 running task(s), timeout graceful shutdown exceeded
