[08/18/25 18:20:02] INFO     Starting MCP server 'Atlassian MCP'   server.py:783
                             with transport 'streamable-http' on                
                             http://0.0.0.0:9001/mcp                            
INFO - FastMCP.fastmcp.server.server - Starting MCP server 'Atlassian MCP' with transport 'streamable-http' on http://0.0.0.0:9001/mcp
ERROR - mcp-jira - Error creating Task: Validation error: INVALID_INPUT
ERROR - mcp_atlassian.utils.tool_helpers - Unexpected error in tool 'create_issue': Validation error: INVALID_INPUT
Traceback (most recent call last):
  File "/Users/douglas.mason/Documents/GitHub/mcp-atlassian/src/mcp_atlassian/utils/tool_helpers.py", line 32, in wrapper
    result = await func(*args, **kwargs)
             ^^^^^^^^^^^^^^^^^^^^^^^^^^^
  File "/Users/douglas.mason/Documents/GitHub/mcp-atlassian/src/mcp_atlassian/servers/jira/issues.py", line 167, in create_issue
    return await server_instance.create_issue(
           ^^^^^^^^^^^^^^^^^^^^^^^^^^^^^^^^^^^
  File "/Users/douglas.mason/Documents/GitHub/mcp-atlassian/src/mcp_atlassian/servers/jira/mixins/creation.py", line 113, in create_issue
    issue = jira.create_issue(
            ^^^^^^^^^^^^^^^^^^
  File "/Users/douglas.mason/Documents/GitHub/mcp-atlassian/src/mcp_atlassian/jira/mixins/creation.py", line 128, in create_issue
    result = self.jira.create_issue(fields=fields)
             ^^^^^^^^^^^^^^^^^^^^^^^^^^^^^^^^^^^^^
  File "/Users/douglas.mason/Documents/GitHub/mcp-atlassian/src/mcp_atlassian/rest/jira_adapter.py", line 100, in create_issue
    return self.client.create_issue(fields)
           ^^^^^^^^^^^^^^^^^^^^^^^^^^^^^^^^
  File "/Users/douglas.mason/Documents/GitHub/mcp-atlassian/src/mcp_atlassian/rest/jira_v3.py", line 137, in create_issue
    return self.post("/rest/api/3/issue", json_data=data)
           ^^^^^^^^^^^^^^^^^^^^^^^^^^^^^^^^^^^^^^^^^^^^^^
  File "/Users/douglas.mason/Documents/GitHub/mcp-atlassian/src/mcp_atlassian/rest/base.py", line 363, in post
    return self.request(
           ^^^^^^^^^^^^^
  File "/Users/douglas.mason/Documents/GitHub/mcp-atlassian/src/mcp_atlassian/rest/base.py", line 310, in request
    self._handle_response_error(response)
  File "/Users/douglas.mason/Documents/GitHub/mcp-atlassian/src/mcp_atlassian/rest/base.py", line 184, in _handle_response_error
    raise MCPAtlassianValidationError(f"Validation error: {error_message}")
mcp_atlassian.exceptions.MCPAtlassianValidationError: Validation error: INVALID_INPUT
ERROR - mcp-atlassian - HTTP error creating page '[E2E] Visual Render Validation mcp-e2e-31245': 400 Client Error: Bad Request for url: https://baseball.atlassian.net/wiki/api/v2/pages
ERROR - mcp-atlassian - Response content: {"errors":[{"status":400,"code":"INVALID_MESSAGE","title":"Invalid message","detail":null}]}
ERROR - mcp-atlassian - Request was: {'spaceId': '2347565058', 'status': 'current', 'title': '[E2E] Visual Render Validation mcp-e2e-31245', 'body': {'representation': 'atlas_doc_format', 'value': {'version': 1, 'type': 'doc', 'content': [{'type': 'heading', 'attrs': {'level': 1}, 'content': [{'type': 'text', 'text': 'Formatting Elements Being Tested'}]}, {'type': 'heading', 'attrs': {'level': 2}, 'content': [{'type': 'text', 'text': 'Test Objectives'}]}, {'type': 'paragraph', 'content': [{'type': 'text', 'text': 'This page tests comprehensive markdown and ADF rendering for e2e validation.'}]}, {'type': 'heading', 'attrs': {'level': 3}, 'content': [{'type': 'text', 'text': 'Basic Formatting'}]}, {'type': 'bulletList', 'content': [{'type': 'listItem', 'content': [{'type': 'paragraph', 'content': [{'type': 'text', 'text': 'Bullet Points'}]}]}, {'type': 'listItem', 'content': [{'type': 'paragraph', 'content': [{'type': 'text', 'text': 'Bold text', 'marks': [{'type': 'strong'}]}, {'type': 'text', 'text': ' and '}, {'type': 'text', 'text': 'italic text', 'marks': [{'type': 'em'}]}]}]}, {'type': 'listItem', 'content': [{'type': 'paragraph', 'content': [{'type': 'text', 'text': 'Strikethrough text', 'marks': [{'type': 'strike'}]}]}]}, {'type': 'listItem', 'content': [{'type': 'paragraph', 'content': [{'type': 'text', 'text': 'inline code', 'marks': [{'type': 'code'}]}, {'type': 'text', 'text': ' elements'}]}]}]}, {'type': 'heading', 'attrs': {'level': 3}, 'content': [{'type': 'text', 'text': 'Numbered Lists'}]}, {'type': 'orderedList', 'content': [{'type': 'listItem', 'content': [{'type': 'paragraph', 'content': [{'type': 'text', 'text': 'One'}]}]}, {'type': 'listItem', 'content': [{'type': 'paragraph', 'content': [{'type': 'text', 'text': 'Two'}]}]}, {'type': 'listItem', 'content': [{'type': 'paragraph', 'content': [{'type': 'text', 'text': 'Three'}]}]}]}, {'type': 'heading', 'attrs': {'level': 3}, 'content': [{'type': 'text', 'text': 'Blockquote'}]}, {'type': 'blockquote', 'content': [{'type': 'paragraph', 'content': [{'type': 'text', 'text': 'This is a blockquote with important informationthat spans multiple lines.'}]}]}, {'type': 'heading', 'attrs': {'level': 3}, 'content': [{'type': 'text', 'text': 'Code Blocks'}]}, {'type': 'codeBlock', 'attrs': {'language': 'typescript'}, 'content': [{'type': 'text', 'text': "// TypeScript code block\nconsole.log('hello');\nfunction test(): string {\n  return 'testing';\n}"}]}, {'type': 'heading', 'attrs': {'level': 3}, 'content': [{'type': 'text', 'text': 'Data Tables'}]}, {'type': 'table', 'content': [{'type': 'tableRow', 'content': [{'type': 'tableHeader', 'content': [{'type': 'paragraph', 'content': [{'type': 'text', 'text': 'Col A'}]}]}, {'type': 'tableHeader', 'content': [{'type': 'paragraph', 'content': [{'type': 'text', 'text': 'Col B'}]}]}, {'type': 'tableHeader', 'content': [{'type': 'paragraph', 'content': [{'type': 'text', 'text': 'Col C'}]}]}]}, {'type': 'tableRow', 'content': [{'type': 'tableCell', 'content': [{'type': 'paragraph', 'content': [{'type': 'text', 'text': 'A'}]}]}, {'type': 'tableCell', 'content': [{'type': 'paragraph', 'content': [{'type': 'text', 'text': 'B'}]}]}, {'type': 'tableCell', 'content': [{'type': 'paragraph', 'content': [{'type': 'text', 'text': 'C'}]}]}]}, {'type': 'tableRow', 'content': [{'type': 'tableCell', 'content': [{'type': 'paragraph', 'content': [{'type': 'text', 'text': '1'}]}]}, {'type': 'tableCell', 'content': [{'type': 'paragraph', 'content': [{'type': 'text', 'text': '2'}]}]}, {'type': 'tableCell', 'content': [{'type': 'paragraph', 'content': [{'type': 'text', 'text': '3'}]}]}]}, {'type': 'tableRow', 'content': [{'type': 'tableCell', 'content': [{'type': 'paragraph', 'content': [{'type': 'text', 'text': 'Alpha'}]}]}, {'type': 'tableCell', 'content': [{'type': 'paragraph', 'content': [{'type': 'text', 'text': 'Beta'}]}]}, {'type': 'tableCell', 'content': [{'type': 'paragraph', 'content': [{'type': 'text', 'text': 'Gamma'}]}]}]}]}, {'type': 'heading', 'attrs': {'level': 3}, 'content': [{'type': 'text', 'text': 'ADF Panel Elements'}]}, {'type': 'panel', 'attrs': {'panelType': 'info'}, 'content': [{'type': 'paragraph', 'content': [{'type': 'text', 'text': 'This is an '}, {'type': 'text', 'text': 'info panel', 'marks': [{'type': 'strong'}]}, {'type': 'text', 'text': ' with '}, {'type': 'text', 'text': 'code', 'marks': [{'type': 'code'}]}, {'type': 'text', 'text': ' and '}, {'type': 'text', 'text': 'italic', 'marks': [{'type': 'em'}]}, {'type': 'text', 'text': ' text.'}]}]}, {'type': 'panel', 'attrs': {'panelType': 'warning'}, 'content': [{'type': 'paragraph', 'content': [{'type': 'text', 'text': 'Warning:', 'marks': [{'type': 'strong'}]}, {'type': 'text', 'text': ' This panel contains important information!'}]}]}, {'type': 'panel', 'attrs': {'panelType': 'error'}, 'content': [{'type': 'paragraph', 'content': [{'type': 'text', 'text': 'Error panel with critical information.'}]}]}, {'type': 'panel', 'attrs': {'panelType': 'success'}, 'content': [{'type': 'paragraph', 'content': [{'type': 'text', 'text': 'Success! All tests are passing.'}]}]}, {'type': 'heading', 'attrs': {'level': 3}, 'content': [{'type': 'text', 'text': 'Status Badges'}]}, {'type': 'paragraph', 'content': [{'type': 'text', 'text': 'Project status: '}, {'type': 'status', 'attrs': {'text': 'Complete', 'color': 'green'}}]}, {'type': 'paragraph', 'content': [{'type': 'text', 'text': 'Task status: '}, {'type': 'status', 'attrs': {'text': 'In Progress', 'color': 'blue'}}]}, {'type': 'paragraph', 'content': [{'type': 'text', 'text': 'Issue status: '}, {'type': 'status', 'attrs': {'text': 'Blocked', 'color': 'red'}}]}, {'type': 'paragraph', 'content': [{'type': 'text', 'text': 'Review status: '}, {'type': 'status', 'attrs': {'text': 'Pending', 'color': 'yellow'}}]}, {'type': 'heading', 'attrs': {'level': 3}, 'content': [{'type': 'text', 'text': 'User Mentions'}]}, {'type': 'paragraph', 'content': [{'type': 'text', 'text': 'This task was completed by '}, {'type': 'mention', 'attrs': {'id': 'testuser', 'text': '@testuser'}}, {'type': 'text', 'text': ' and reviewed by '}, {'type': 'mention', 'attrs': {'id': 'test.user', 'text': '@Test User'}}, {'type': 'text', 'text': '.'}]}, {'type': 'heading', 'attrs': {'level': 3}, 'content': [{'type': 'text', 'text': 'Emoji Support'}]}, {'type': 'paragraph', 'content': [{'type': 'text', 'text': 'Great work! '}, {'type': 'emoji', 'attrs': {'shortName': ':thumbsup:', 'text': 'üëç'}}, {'type': 'text', 'text': ' '}, {'type': 'emoji', 'attrs': {'shortName': ':rocket:', 'text': ':rocket:'}}, {'type': 'text', 'text': ' '}, {'type': 'emoji', 'attrs': {'shortName': ':white_check_mark:', 'text': ':white_check_mark:'}}]}, {'type': 'paragraph', 'content': [{'type': 'text', 'text': 'Status indicators: '}, {'type': 'emoji', 'attrs': {'shortName': ':warning:', 'text': '‚ö†Ô∏è'}}, {'type': 'text', 'text': ' '}, {'type': 'emoji', 'attrs': {'shortName': ':information_source:', 'text': ':information_source:'}}, {'type': 'text', 'text': ' '}, {'type': 'emoji', 'attrs': {'shortName': ':x:', 'text': ':x:'}}]}, {'type': 'heading', 'attrs': {'level': 3}, 'content': [{'type': 'text', 'text': 'Expand/Collapse Sections'}]}, {'type': 'expand', 'attrs': {'title': 'Click to expand details'}, 'content': [{'type': 'paragraph', 'content': [{'type': 'text', 'text': 'This content is hidden by default and can be expanded.'}]}, {'type': 'bulletList', 'content': [{'type': 'listItem', 'content': [{'type': 'paragraph', 'content': [{'type': 'text', 'text': 'Hidden bullet point'}]}]}, {'type': 'listItem', 'content': [{'type': 'paragraph', 'content': [{'type': 'text', 'text': 'Another hidden item'}]}]}, {'type': 'listItem', 'content': [{'type': 'paragraph', 'content': [{'type': 'text', 'text': 'hidden code', 'marks': [{'type': 'code'}]}, {'type': 'text', 'text': ' example'}]}]}]}, {'type': 'table', 'content': [{'type': 'tableRow', 'content': [{'type': 'tableHeader', 'content': [{'type': 'paragraph', 'content': [{'type': 'text', 'text': 'Hidden'}]}]}, {'type': 'tableHeader', 'content': [{'type': 'paragraph', 'content': [{'type': 'text', 'text': 'Table'}]}]}]}, {'type': 'tableRow', 'content': [{'type': 'tableCell', 'content': [{'type': 'paragraph', 'content': [{'type': 'text', 'text': 'Data'}]}]}, {'type': 'tableCell', 'content': [{'type': 'paragraph', 'content': [{'type': 'text', 'text': 'Values'}]}]}]}]}]}, {'type': 'expand', 'attrs': {'title': 'Technical Implementation'}, 'content': [{'type': 'codeBlock', 'attrs': {'language': 'javascript'}, 'content': [{'type': 'text', 'text': "// Implementation details\nconst config = {\n  mode: 'production',\n  debug: false\n};"}]}]}, {'type': 'heading', 'attrs': {'level': 3}, 'content': [{'type': 'text', 'text': 'Date Elements'}]}, {'type': 'paragraph', 'content': [{'type': 'text', 'text': 'Project started: '}, {'type': 'date', 'attrs': {'timestamp': 1705302000000}}]}, {'type': 'paragraph', 'content': [{'type': 'text', 'text': 'Deadline: '}, {'type': 'date', 'attrs': {'timestamp': 1735628400000}}]}, {'type': 'heading', 'attrs': {'level': 3}, 'content': [{'type': 'text', 'text': 'Layout Sections'}]}, {'type': 'layout', 'content': [{'type': 'layoutColumn', 'attrs': {'width': 50.0}, 'content': [{'type': 'layoutSection', 'content': [{'type': 'paragraph', 'content': [{'type': 'text', 'text': ''}]}]}]}, {'type': 'layoutColumn', 'attrs': {'width': 50.0}, 'content': [{'type': 'layoutSection', 'content': [{'type': 'paragraph', 'content': [{'type': 'text', 'text': ''}]}]}]}]}, {'type': 'heading', 'attrs': {'level': 3}, 'content': [{'type': 'text', 'text': 'Nested Complex Elements'}]}, {'type': 'panel', 'attrs': {'panelType': 'note'}, 'content': [{'type': 'paragraph', 'content': [{'type': 'text', 'text': 'Complex Panel', 'marks': [{'type': 'strong'}]}, {'type': 'text', 'text': ' with multiple elements:'}]}, {'type': 'paragraph', 'content': [{'type': 'text', 'text': 'Status: '}, {'type': 'status', 'attrs': {'text': 'Active', 'color': 'green'}}]}, {'type': 'paragraph', 'content': [{'type': 'text', 'text': 'Assigned to: '}, {'type': 'mention', 'attrs': {'id': 'testuser', 'text': '@testuser'}}, {'type': 'text', 'text': ' '}, {'type': 'emoji', 'attrs': {'shortName': ':technologist:', 'text': ':technologist:'}}]}, {'type': 'codeBlock', 'attrs': {'language': 'bash'}, 'content': [{'type': 'text', 'text': '# Commands to run\nnpm install\nnpm test'}]}, {'type': 'paragraph', 'content': [{'type': 'text', 'text': 'Due date: '}, {'type': 'date', 'attrs': {'timestamp': 1719727200000}}]}]}, {'type': 'rule'}, {'type': 'paragraph', 'content': [{'type': 'text', 'text': 'End of formatting test document', 'marks': [{'type': 'em'}]}]}]}}}
ERROR - mcp-atlassian - Error creating page '[E2E] Visual Render Validation mcp-e2e-31245' in space ~911651470: Failed to create page '[E2E] Visual Render Validation mcp-e2e-31245': 400 Client Error: Bad Request for url: https://baseball.atlassian.net/wiki/api/v2/pages
[08/18/25 18:20:21] ERROR    Error calling tool              tool_manager.py:129
                             'create_page': Failed to create                    
                             page '[E2E] Visual Render                          
                             Validation mcp-e2e-31245' in                       
                             space ~911651470: Failed to                        
                             create page '[E2E] Visual                          
                             Render Validation                                  
                             mcp-e2e-31245': 400 Client                         
                             Error: Bad Request for url:                        
                             https://baseball.atlassian.net/                    
                             wiki/api/v2/pages                                  
                             ‚ï≠‚îÄ Traceback (most recent cal‚îÄ‚ïÆ                    
                             ‚îÇ /Users/douglas.mason/Docume ‚îÇ                    
                             ‚îÇ nts/GitHub/mcp-atlassian/sr ‚îÇ                    
                             ‚îÇ c/mcp_atlassian/confluence/ ‚îÇ                    
                             ‚îÇ v2_adapter.py:134 in        ‚îÇ                    
                             ‚îÇ create_page                 ‚îÇ                    
                             ‚îÇ                             ‚îÇ                    
                             ‚îÇ   131 ‚îÇ   ‚îÇ   ‚îÇ   logger.de ‚îÇ                    
                             ‚îÇ   132 ‚îÇ   ‚îÇ   ‚îÇ   logger.de ‚îÇ                    
                             ‚îÇ   133 ‚îÇ   ‚îÇ   ‚îÇ   response  ‚îÇ                    
                             ‚îÇ ‚ù± 134 ‚îÇ   ‚îÇ   ‚îÇ   response. ‚îÇ                    
                             ‚îÇ   135 ‚îÇ   ‚îÇ   ‚îÇ             ‚îÇ                    
                             ‚îÇ   136 ‚îÇ   ‚îÇ   ‚îÇ   result =  ‚îÇ                    
                             ‚îÇ   137 ‚îÇ   ‚îÇ   ‚îÇ   logger.de ‚îÇ                    
                             ‚îÇ                             ‚îÇ                    
                             ‚îÇ /Users/douglas.mason/Docume ‚îÇ                    
                             ‚îÇ nts/GitHub/mcp-atlassian/.v ‚îÇ                    
                             ‚îÇ env/lib/python3.12/site-pac ‚îÇ                    
                             ‚îÇ kages/requests/models.py:10 ‚îÇ                    
                             ‚îÇ 26 in raise_for_status      ‚îÇ                    
                             ‚îÇ                             ‚îÇ                    
                             ‚îÇ   1023 ‚îÇ   ‚îÇ   ‚îÇ   )        ‚îÇ                    
                             ‚îÇ   1024 ‚îÇ   ‚îÇ                ‚îÇ                    
                             ‚îÇ   1025 ‚îÇ   ‚îÇ   if http_erro ‚îÇ                    
                             ‚îÇ ‚ù± 1026 ‚îÇ   ‚îÇ   ‚îÇ   raise HT ‚îÇ                    
                             ‚îÇ   1027 ‚îÇ                    ‚îÇ                    
                             ‚îÇ   1028 ‚îÇ   def close(self): ‚îÇ                    
                             ‚îÇ   1029 ‚îÇ   ‚îÇ   """Releases  ‚îÇ                    
                             ‚ï∞‚îÄ‚îÄ‚îÄ‚îÄ‚îÄ‚îÄ‚îÄ‚îÄ‚îÄ‚îÄ‚îÄ‚îÄ‚îÄ‚îÄ‚îÄ‚îÄ‚îÄ‚îÄ‚îÄ‚îÄ‚îÄ‚îÄ‚îÄ‚îÄ‚îÄ‚îÄ‚îÄ‚îÄ‚îÄ‚ïØ                    
                             HTTPError: 400 Client Error:                       
                             Bad Request for url:                               
                             https://baseball.atlassian.net/                    
                             wiki/api/v2/pages                                  
                                                                                
                             The above exception was the                        
                             direct cause of the following                      
                             exception:                                         
                                                                                
                             ‚ï≠‚îÄ Traceback (most recent cal‚îÄ‚ïÆ                    
                             ‚îÇ /Users/douglas.mason/Docume ‚îÇ                    
                             ‚îÇ nts/GitHub/mcp-atlassian/sr ‚îÇ                    
                             ‚îÇ c/mcp_atlassian/confluence/ ‚îÇ                    
                             ‚îÇ pages.py:334 in create_page ‚îÇ                    
                             ‚îÇ                             ‚îÇ                    
                             ‚îÇ   331 ‚îÇ   ‚îÇ   ‚îÇ   logger.de ‚îÇ                    
                             ‚îÇ   332 ‚îÇ   ‚îÇ   ‚îÇ   ‚îÇ   f"Usi ‚îÇ                    
                             ‚îÇ   333 ‚îÇ   ‚îÇ   ‚îÇ   )         ‚îÇ                    
                             ‚îÇ ‚ù± 334 ‚îÇ   ‚îÇ   ‚îÇ   result =  ‚îÇ                    
                             ‚îÇ   335 ‚îÇ   ‚îÇ   ‚îÇ   ‚îÇ   space ‚îÇ                    
                             ‚îÇ   336 ‚îÇ   ‚îÇ   ‚îÇ   ‚îÇ   title ‚îÇ                    
                             ‚îÇ   337 ‚îÇ   ‚îÇ   ‚îÇ   ‚îÇ   body= ‚îÇ                    
                             ‚îÇ                             ‚îÇ                    
                             ‚îÇ /Users/douglas.mason/Docume ‚îÇ                    
                             ‚îÇ nts/GitHub/mcp-atlassian/sr ‚îÇ                    
                             ‚îÇ c/mcp_atlassian/confluence/ ‚îÇ                    
                             ‚îÇ v2_adapter.py:147 in        ‚îÇ                    
                             ‚îÇ create_page                 ‚îÇ                    
                             ‚îÇ                             ‚îÇ                    
                             ‚îÇ   144 ‚îÇ   ‚îÇ   ‚îÇ   if e.resp ‚îÇ                    
                             ‚îÇ   145 ‚îÇ   ‚îÇ   ‚îÇ   ‚îÇ   logge ‚îÇ                    
                             ‚îÇ   146 ‚îÇ   ‚îÇ   ‚îÇ   ‚îÇ   logge ‚îÇ                    
                             ‚îÇ ‚ù± 147 ‚îÇ   ‚îÇ   ‚îÇ   raise Val ‚îÇ                    
                             ‚îÇ   148 ‚îÇ   ‚îÇ   except Except ‚îÇ                    
                             ‚îÇ   149 ‚îÇ   ‚îÇ   ‚îÇ   logger.er ‚îÇ                    
                             ‚îÇ   150 ‚îÇ   ‚îÇ   ‚îÇ   raise Val ‚îÇ                    
                             ‚ï∞‚îÄ‚îÄ‚îÄ‚îÄ‚îÄ‚îÄ‚îÄ‚îÄ‚îÄ‚îÄ‚îÄ‚îÄ‚îÄ‚îÄ‚îÄ‚îÄ‚îÄ‚îÄ‚îÄ‚îÄ‚îÄ‚îÄ‚îÄ‚îÄ‚îÄ‚îÄ‚îÄ‚îÄ‚îÄ‚ïØ                    
                             ValueError: Failed to create                       
                             page '[E2E] Visual Render                          
                             Validation mcp-e2e-31245': 400                     
                             Client Error: Bad Request for                      
                             url:                                               
                             https://baseball.atlassian.net/                    
                             wiki/api/v2/pages                                  
                                                                                
                             The above exception was the                        
                             direct cause of the following                      
                             exception:                                         
                                                                                
                             ‚ï≠‚îÄ Traceback (most recent cal‚îÄ‚ïÆ                    
                             ‚îÇ /Users/douglas.mason/Docume ‚îÇ                    
                             ‚îÇ nts/GitHub/mcp-atlassian/.v ‚îÇ                    
                             ‚îÇ env/lib/python3.12/site-pac ‚îÇ                    
                             ‚îÇ kages/fastmcp/tools/tool_ma ‚îÇ                    
                             ‚îÇ nager.py:120 in call_tool   ‚îÇ                    
                             ‚îÇ                             ‚îÇ                    
                             ‚îÇ   117 ‚îÇ   ‚îÇ   ‚îÇ   raise Not ‚îÇ                    
                             ‚îÇ   118 ‚îÇ   ‚îÇ                 ‚îÇ                    
                             ‚îÇ   119 ‚îÇ   ‚îÇ   try:          ‚îÇ                    
                             ‚îÇ ‚ù± 120 ‚îÇ   ‚îÇ   ‚îÇ   return aw ‚îÇ                    
                             ‚îÇ   121 ‚îÇ   ‚îÇ                 ‚îÇ                    
                             ‚îÇ   122 ‚îÇ   ‚îÇ   # raise ToolE ‚îÇ                    
                             ‚îÇ   123 ‚îÇ   ‚îÇ   except ToolEr ‚îÇ                    
                             ‚îÇ                             ‚îÇ                    
                             ‚îÇ /Users/douglas.mason/Docume ‚îÇ                    
                             ‚îÇ nts/GitHub/mcp-atlassian/.v ‚îÇ                    
                             ‚îÇ env/lib/python3.12/site-pac ‚îÇ                    
                             ‚îÇ kages/fastmcp/tools/tool.py ‚îÇ                    
                             ‚îÇ :144 in run                 ‚îÇ                    
                             ‚îÇ                             ‚îÇ                    
                             ‚îÇ   141 ‚îÇ   ‚îÇ   type_adapter  ‚îÇ                    
                             ‚îÇ   142 ‚îÇ   ‚îÇ   result = type ‚îÇ                    
                             ‚îÇ   143 ‚îÇ   ‚îÇ   if inspect.is ‚îÇ                    
                             ‚îÇ ‚ù± 144 ‚îÇ   ‚îÇ   ‚îÇ   result =  ‚îÇ                    
                             ‚îÇ   145 ‚îÇ   ‚îÇ                 ‚îÇ                    
                             ‚îÇ   146 ‚îÇ   ‚îÇ   return _conve ‚îÇ                    
                             ‚îÇ   147                       ‚îÇ                    
                             ‚îÇ                             ‚îÇ                    
                             ‚îÇ /Users/douglas.mason/Docume ‚îÇ                    
                             ‚îÇ nts/GitHub/mcp-atlassian/sr ‚îÇ                    
                             ‚îÇ c/mcp_atlassian/utils/decor ‚îÇ                    
                             ‚îÇ ators.py:72 in wrapper      ‚îÇ                    
                             ‚îÇ                             ‚îÇ                    
                             ‚îÇ    69 ‚îÇ   ‚îÇ   ‚îÇ   ‚îÇ   ensur ‚îÇ                    
                             ‚îÇ    70 ‚îÇ   ‚îÇ   ‚îÇ   )         ‚îÇ                    
                             ‚îÇ    71 ‚îÇ   ‚îÇ                 ‚îÇ                    
                             ‚îÇ ‚ù±  72 ‚îÇ   ‚îÇ   return await  ‚îÇ                    
                             ‚îÇ    73 ‚îÇ                     ‚îÇ                    
                             ‚îÇ    74 ‚îÇ   return wrapper  # ‚îÇ                    
                             ‚îÇ    75                       ‚îÇ                    
                             ‚îÇ                             ‚îÇ                    
                             ‚îÇ /Users/douglas.mason/Docume ‚îÇ                    
                             ‚îÇ nts/GitHub/mcp-atlassian/sr ‚îÇ                    
                             ‚îÇ c/mcp_atlassian/servers/con ‚îÇ                    
                             ‚îÇ fluence/pages.py:314 in     ‚îÇ                    
                             ‚îÇ create_page                 ‚îÇ                    
                             ‚îÇ                             ‚îÇ                    
                             ‚îÇ   311 ‚îÇ   ‚îÇ   is_markdown = ‚îÇ                    
                             ‚îÇ   312 ‚îÇ   ‚îÇ   content_repre ‚îÇ                    
                             ‚îÇ   313 ‚îÇ                     ‚îÇ                    
                             ‚îÇ ‚ù± 314 ‚îÇ   page = confluence ‚îÇ                    
                             ‚îÇ   315 ‚îÇ   ‚îÇ   space_id=spac ‚îÇ                    
                             ‚îÇ   316 ‚îÇ   ‚îÇ   title=title,  ‚îÇ                    
                             ‚îÇ   317 ‚îÇ   ‚îÇ   body=content, ‚îÇ                    
                             ‚îÇ                             ‚îÇ                    
                             ‚îÇ /Users/douglas.mason/Docume ‚îÇ                    
                             ‚îÇ nts/GitHub/mcp-atlassian/sr ‚îÇ                    
                             ‚îÇ c/mcp_atlassian/confluence/ ‚îÇ                    
                             ‚îÇ pages.py:352 in create_page ‚îÇ                    
                             ‚îÇ                             ‚îÇ                    
                             ‚îÇ   349 ‚îÇ   ‚îÇ   ‚îÇ   logger.er ‚îÇ                    
                             ‚îÇ   350 ‚îÇ   ‚îÇ   ‚îÇ   ‚îÇ   f"Err ‚îÇ                    
                             ‚îÇ   351 ‚îÇ   ‚îÇ   ‚îÇ   )         ‚îÇ                    
                             ‚îÇ ‚ù± 352 ‚îÇ   ‚îÇ   ‚îÇ   raise Exc ‚îÇ                    
                             ‚îÇ   353 ‚îÇ   ‚îÇ   ‚îÇ   ‚îÇ   f"Fai ‚îÇ                    
                             ‚îÇ   354 ‚îÇ   ‚îÇ   ‚îÇ   ) from e  ‚îÇ                    
                             ‚îÇ   355                       ‚îÇ                    
                             ‚ï∞‚îÄ‚îÄ‚îÄ‚îÄ‚îÄ‚îÄ‚îÄ‚îÄ‚îÄ‚îÄ‚îÄ‚îÄ‚îÄ‚îÄ‚îÄ‚îÄ‚îÄ‚îÄ‚îÄ‚îÄ‚îÄ‚îÄ‚îÄ‚îÄ‚îÄ‚îÄ‚îÄ‚îÄ‚îÄ‚ïØ                    
                             Exception: Failed to create                        
                             page '[E2E] Visual Render                          
                             Validation mcp-e2e-31245' in                       
                             space ~911651470: Failed to                        
                             create page '[E2E] Visual                          
                             Render Validation                                  
                             mcp-e2e-31245': 400 Client                         
                             Error: Bad Request for url:                        
                             https://baseball.atlassian.net/                    
                             wiki/api/v2/pages                                  
ERROR - FastMCP.fastmcp.tools.tool_manager - Error calling tool 'create_page': Failed to create page '[E2E] Visual Render Validation mcp-e2e-31245' in space ~911651470: Failed to create page '[E2E] Visual Render Validation mcp-e2e-31245': 400 Client Error: Bad Request for url: https://baseball.atlassian.net/wiki/api/v2/pages
Traceback (most recent call last):
  File "/Users/douglas.mason/Documents/GitHub/mcp-atlassian/src/mcp_atlassian/confluence/v2_adapter.py", line 134, in create_page
    response.raise_for_status()
  File "/Users/douglas.mason/Documents/GitHub/mcp-atlassian/.venv/lib/python3.12/site-packages/requests/models.py", line 1026, in raise_for_status
    raise HTTPError(http_error_msg, response=self)
requests.exceptions.HTTPError: 400 Client Error: Bad Request for url: https://baseball.atlassian.net/wiki/api/v2/pages

The above exception was the direct cause of the following exception:

Traceback (most recent call last):
  File "/Users/douglas.mason/Documents/GitHub/mcp-atlassian/src/mcp_atlassian/confluence/pages.py", line 334, in create_page
    result = self._v2_adapter_instance.create_page(
             ^^^^^^^^^^^^^^^^^^^^^^^^^^^^^^^^^^^^^^
  File "/Users/douglas.mason/Documents/GitHub/mcp-atlassian/src/mcp_atlassian/confluence/v2_adapter.py", line 147, in create_page
    raise ValueError(f"Failed to create page '{title}': {e}") from e
ValueError: Failed to create page '[E2E] Visual Render Validation mcp-e2e-31245': 400 Client Error: Bad Request for url: https://baseball.atlassian.net/wiki/api/v2/pages

The above exception was the direct cause of the following exception:

Traceback (most recent call last):
  File "/Users/douglas.mason/Documents/GitHub/mcp-atlassian/.venv/lib/python3.12/site-packages/fastmcp/tools/tool_manager.py", line 120, in call_tool
    return await tool.run(arguments)
           ^^^^^^^^^^^^^^^^^^^^^^^^^
  File "/Users/douglas.mason/Documents/GitHub/mcp-atlassian/.venv/lib/python3.12/site-packages/fastmcp/tools/tool.py", line 144, in run
    result = await result
             ^^^^^^^^^^^^
  File "/Users/douglas.mason/Documents/GitHub/mcp-atlassian/src/mcp_atlassian/utils/decorators.py", line 72, in wrapper
    return await func(ctx, *args, **kwargs)
           ^^^^^^^^^^^^^^^^^^^^^^^^^^^^^^^^
  File "/Users/douglas.mason/Documents/GitHub/mcp-atlassian/src/mcp_atlassian/servers/confluence/pages.py", line 314, in create_page
    page = confluence_fetcher.create_page(
           ^^^^^^^^^^^^^^^^^^^^^^^^^^^^^^^
  File "/Users/douglas.mason/Documents/GitHub/mcp-atlassian/src/mcp_atlassian/confluence/pages.py", line 352, in create_page
    raise Exception(
Exception: Failed to create page '[E2E] Visual Render Validation mcp-e2e-31245' in space ~911651470: Failed to create page '[E2E] Visual Render Validation mcp-e2e-31245': 400 Client Error: Bad Request for url: https://baseball.atlassian.net/wiki/api/v2/pages
ERROR - mcp-jira - Error creating Task: Validation error: INVALID_INPUT
ERROR - mcp_atlassian.utils.tool_helpers - Unexpected error in tool 'create_issue': Validation error: INVALID_INPUT
Traceback (most recent call last):
  File "/Users/douglas.mason/Documents/GitHub/mcp-atlassian/src/mcp_atlassian/utils/tool_helpers.py", line 32, in wrapper
    result = await func(*args, **kwargs)
             ^^^^^^^^^^^^^^^^^^^^^^^^^^^
  File "/Users/douglas.mason/Documents/GitHub/mcp-atlassian/src/mcp_atlassian/servers/jira/issues.py", line 167, in create_issue
    return await server_instance.create_issue(
           ^^^^^^^^^^^^^^^^^^^^^^^^^^^^^^^^^^^
  File "/Users/douglas.mason/Documents/GitHub/mcp-atlassian/src/mcp_atlassian/servers/jira/mixins/creation.py", line 113, in create_issue
    issue = jira.create_issue(
            ^^^^^^^^^^^^^^^^^^
  File "/Users/douglas.mason/Documents/GitHub/mcp-atlassian/src/mcp_atlassian/jira/mixins/creation.py", line 128, in create_issue
    result = self.jira.create_issue(fields=fields)
             ^^^^^^^^^^^^^^^^^^^^^^^^^^^^^^^^^^^^^
  File "/Users/douglas.mason/Documents/GitHub/mcp-atlassian/src/mcp_atlassian/rest/jira_adapter.py", line 100, in create_issue
    return self.client.create_issue(fields)
           ^^^^^^^^^^^^^^^^^^^^^^^^^^^^^^^^
  File "/Users/douglas.mason/Documents/GitHub/mcp-atlassian/src/mcp_atlassian/rest/jira_v3.py", line 137, in create_issue
    return self.post("/rest/api/3/issue", json_data=data)
           ^^^^^^^^^^^^^^^^^^^^^^^^^^^^^^^^^^^^^^^^^^^^^^
  File "/Users/douglas.mason/Documents/GitHub/mcp-atlassian/src/mcp_atlassian/rest/base.py", line 363, in post
    return self.request(
           ^^^^^^^^^^^^^
  File "/Users/douglas.mason/Documents/GitHub/mcp-atlassian/src/mcp_atlassian/rest/base.py", line 310, in request
    self._handle_response_error(response)
  File "/Users/douglas.mason/Documents/GitHub/mcp-atlassian/src/mcp_atlassian/rest/base.py", line 184, in _handle_response_error
    raise MCPAtlassianValidationError(f"Validation error: {error_message}")
mcp_atlassian.exceptions.MCPAtlassianValidationError: Validation error: INVALID_INPUT
ERROR - mcp-atlassian - HTTP error creating page '[E2E] Visual Render Validation mcp-e2e-33452': 400 Client Error: Bad Request for url: https://baseball.atlassian.net/wiki/api/v2/pages
ERROR - mcp-atlassian - Response content: {"errors":[{"status":400,"code":"INVALID_MESSAGE","title":"Invalid message","detail":null}]}
ERROR - mcp-atlassian - Request was: {'spaceId': '2347565058', 'status': 'current', 'title': '[E2E] Visual Render Validation mcp-e2e-33452', 'body': {'representation': 'atlas_doc_format', 'value': {'version': 1, 'type': 'doc', 'content': [{'type': 'heading', 'attrs': {'level': 1}, 'content': [{'type': 'text', 'text': 'Formatting Elements Being Tested'}]}, {'type': 'heading', 'attrs': {'level': 2}, 'content': [{'type': 'text', 'text': 'Test Objectives'}]}, {'type': 'paragraph', 'content': [{'type': 'text', 'text': 'This page tests comprehensive markdown and ADF rendering for e2e validation.'}]}, {'type': 'heading', 'attrs': {'level': 3}, 'content': [{'type': 'text', 'text': 'Basic Formatting'}]}, {'type': 'bulletList', 'content': [{'type': 'listItem', 'content': [{'type': 'paragraph', 'content': [{'type': 'text', 'text': 'Bullet Points'}]}]}, {'type': 'listItem', 'content': [{'type': 'paragraph', 'content': [{'type': 'text', 'text': 'Bold text', 'marks': [{'type': 'strong'}]}, {'type': 'text', 'text': ' and '}, {'type': 'text', 'text': 'italic text', 'marks': [{'type': 'em'}]}]}]}, {'type': 'listItem', 'content': [{'type': 'paragraph', 'content': [{'type': 'text', 'text': 'Strikethrough text', 'marks': [{'type': 'strike'}]}]}]}, {'type': 'listItem', 'content': [{'type': 'paragraph', 'content': [{'type': 'text', 'text': 'inline code', 'marks': [{'type': 'code'}]}, {'type': 'text', 'text': ' elements'}]}]}]}, {'type': 'heading', 'attrs': {'level': 3}, 'content': [{'type': 'text', 'text': 'Numbered Lists'}]}, {'type': 'orderedList', 'content': [{'type': 'listItem', 'content': [{'type': 'paragraph', 'content': [{'type': 'text', 'text': 'One'}]}]}, {'type': 'listItem', 'content': [{'type': 'paragraph', 'content': [{'type': 'text', 'text': 'Two'}]}]}, {'type': 'listItem', 'content': [{'type': 'paragraph', 'content': [{'type': 'text', 'text': 'Three'}]}]}]}, {'type': 'heading', 'attrs': {'level': 3}, 'content': [{'type': 'text', 'text': 'Blockquote'}]}, {'type': 'blockquote', 'content': [{'type': 'paragraph', 'content': [{'type': 'text', 'text': 'This is a blockquote with important informationthat spans multiple lines.'}]}]}, {'type': 'heading', 'attrs': {'level': 3}, 'content': [{'type': 'text', 'text': 'Code Blocks'}]}, {'type': 'codeBlock', 'attrs': {'language': 'typescript'}, 'content': [{'type': 'text', 'text': "// TypeScript code block\nconsole.log('hello');\nfunction test(): string {\n  return 'testing';\n}"}]}, {'type': 'heading', 'attrs': {'level': 3}, 'content': [{'type': 'text', 'text': 'Data Tables'}]}, {'type': 'table', 'content': [{'type': 'tableRow', 'content': [{'type': 'tableHeader', 'content': [{'type': 'paragraph', 'content': [{'type': 'text', 'text': 'Col A'}]}]}, {'type': 'tableHeader', 'content': [{'type': 'paragraph', 'content': [{'type': 'text', 'text': 'Col B'}]}]}, {'type': 'tableHeader', 'content': [{'type': 'paragraph', 'content': [{'type': 'text', 'text': 'Col C'}]}]}]}, {'type': 'tableRow', 'content': [{'type': 'tableCell', 'content': [{'type': 'paragraph', 'content': [{'type': 'text', 'text': 'A'}]}]}, {'type': 'tableCell', 'content': [{'type': 'paragraph', 'content': [{'type': 'text', 'text': 'B'}]}]}, {'type': 'tableCell', 'content': [{'type': 'paragraph', 'content': [{'type': 'text', 'text': 'C'}]}]}]}, {'type': 'tableRow', 'content': [{'type': 'tableCell', 'content': [{'type': 'paragraph', 'content': [{'type': 'text', 'text': '1'}]}]}, {'type': 'tableCell', 'content': [{'type': 'paragraph', 'content': [{'type': 'text', 'text': '2'}]}]}, {'type': 'tableCell', 'content': [{'type': 'paragraph', 'content': [{'type': 'text', 'text': '3'}]}]}]}, {'type': 'tableRow', 'content': [{'type': 'tableCell', 'content': [{'type': 'paragraph', 'content': [{'type': 'text', 'text': 'Alpha'}]}]}, {'type': 'tableCell', 'content': [{'type': 'paragraph', 'content': [{'type': 'text', 'text': 'Beta'}]}]}, {'type': 'tableCell', 'content': [{'type': 'paragraph', 'content': [{'type': 'text', 'text': 'Gamma'}]}]}]}]}, {'type': 'heading', 'attrs': {'level': 3}, 'content': [{'type': 'text', 'text': 'ADF Panel Elements'}]}, {'type': 'panel', 'attrs': {'panelType': 'info'}, 'content': [{'type': 'paragraph', 'content': [{'type': 'text', 'text': 'This is an '}, {'type': 'text', 'text': 'info panel', 'marks': [{'type': 'strong'}]}, {'type': 'text', 'text': ' with '}, {'type': 'text', 'text': 'code', 'marks': [{'type': 'code'}]}, {'type': 'text', 'text': ' and '}, {'type': 'text', 'text': 'italic', 'marks': [{'type': 'em'}]}, {'type': 'text', 'text': ' text.'}]}]}, {'type': 'panel', 'attrs': {'panelType': 'warning'}, 'content': [{'type': 'paragraph', 'content': [{'type': 'text', 'text': 'Warning:', 'marks': [{'type': 'strong'}]}, {'type': 'text', 'text': ' This panel contains important information!'}]}]}, {'type': 'panel', 'attrs': {'panelType': 'error'}, 'content': [{'type': 'paragraph', 'content': [{'type': 'text', 'text': 'Error panel with critical information.'}]}]}, {'type': 'panel', 'attrs': {'panelType': 'success'}, 'content': [{'type': 'paragraph', 'content': [{'type': 'text', 'text': 'Success! All tests are passing.'}]}]}, {'type': 'heading', 'attrs': {'level': 3}, 'content': [{'type': 'text', 'text': 'Status Badges'}]}, {'type': 'paragraph', 'content': [{'type': 'text', 'text': 'Project status: '}, {'type': 'status', 'attrs': {'text': 'Complete', 'color': 'green'}}]}, {'type': 'paragraph', 'content': [{'type': 'text', 'text': 'Task status: '}, {'type': 'status', 'attrs': {'text': 'In Progress', 'color': 'blue'}}]}, {'type': 'paragraph', 'content': [{'type': 'text', 'text': 'Issue status: '}, {'type': 'status', 'attrs': {'text': 'Blocked', 'color': 'red'}}]}, {'type': 'paragraph', 'content': [{'type': 'text', 'text': 'Review status: '}, {'type': 'status', 'attrs': {'text': 'Pending', 'color': 'yellow'}}]}, {'type': 'heading', 'attrs': {'level': 3}, 'content': [{'type': 'text', 'text': 'User Mentions'}]}, {'type': 'paragraph', 'content': [{'type': 'text', 'text': 'This task was completed by '}, {'type': 'mention', 'attrs': {'id': 'testuser', 'text': '@testuser'}}, {'type': 'text', 'text': ' and reviewed by '}, {'type': 'mention', 'attrs': {'id': 'test.user', 'text': '@Test User'}}, {'type': 'text', 'text': '.'}]}, {'type': 'heading', 'attrs': {'level': 3}, 'content': [{'type': 'text', 'text': 'Emoji Support'}]}, {'type': 'paragraph', 'content': [{'type': 'text', 'text': 'Great work! '}, {'type': 'emoji', 'attrs': {'shortName': ':thumbsup:', 'text': 'üëç'}}, {'type': 'text', 'text': ' '}, {'type': 'emoji', 'attrs': {'shortName': ':rocket:', 'text': ':rocket:'}}, {'type': 'text', 'text': ' '}, {'type': 'emoji', 'attrs': {'shortName': ':white_check_mark:', 'text': ':white_check_mark:'}}]}, {'type': 'paragraph', 'content': [{'type': 'text', 'text': 'Status indicators: '}, {'type': 'emoji', 'attrs': {'shortName': ':warning:', 'text': '‚ö†Ô∏è'}}, {'type': 'text', 'text': ' '}, {'type': 'emoji', 'attrs': {'shortName': ':information_source:', 'text': ':information_source:'}}, {'type': 'text', 'text': ' '}, {'type': 'emoji', 'attrs': {'shortName': ':x:', 'text': ':x:'}}]}, {'type': 'heading', 'attrs': {'level': 3}, 'content': [{'type': 'text', 'text': 'Expand/Collapse Sections'}]}, {'type': 'expand', 'attrs': {'title': 'Click to expand details'}, 'content': [{'type': 'paragraph', 'content': [{'type': 'text', 'text': 'This content is hidden by default and can be expanded.'}]}, {'type': 'bulletList', 'content': [{'type': 'listItem', 'content': [{'type': 'paragraph', 'content': [{'type': 'text', 'text': 'Hidden bullet point'}]}]}, {'type': 'listItem', 'content': [{'type': 'paragraph', 'content': [{'type': 'text', 'text': 'Another hidden item'}]}]}, {'type': 'listItem', 'content': [{'type': 'paragraph', 'content': [{'type': 'text', 'text': 'hidden code', 'marks': [{'type': 'code'}]}, {'type': 'text', 'text': ' example'}]}]}]}, {'type': 'table', 'content': [{'type': 'tableRow', 'content': [{'type': 'tableHeader', 'content': [{'type': 'paragraph', 'content': [{'type': 'text', 'text': 'Hidden'}]}]}, {'type': 'tableHeader', 'content': [{'type': 'paragraph', 'content': [{'type': 'text', 'text': 'Table'}]}]}]}, {'type': 'tableRow', 'content': [{'type': 'tableCell', 'content': [{'type': 'paragraph', 'content': [{'type': 'text', 'text': 'Data'}]}]}, {'type': 'tableCell', 'content': [{'type': 'paragraph', 'content': [{'type': 'text', 'text': 'Values'}]}]}]}]}]}, {'type': 'expand', 'attrs': {'title': 'Technical Implementation'}, 'content': [{'type': 'codeBlock', 'attrs': {'language': 'javascript'}, 'content': [{'type': 'text', 'text': "// Implementation details\nconst config = {\n  mode: 'production',\n  debug: false\n};"}]}]}, {'type': 'heading', 'attrs': {'level': 3}, 'content': [{'type': 'text', 'text': 'Date Elements'}]}, {'type': 'paragraph', 'content': [{'type': 'text', 'text': 'Project started: '}, {'type': 'date', 'attrs': {'timestamp': 1705302000000}}]}, {'type': 'paragraph', 'content': [{'type': 'text', 'text': 'Deadline: '}, {'type': 'date', 'attrs': {'timestamp': 1735628400000}}]}, {'type': 'heading', 'attrs': {'level': 3}, 'content': [{'type': 'text', 'text': 'Layout Sections'}]}, {'type': 'layout', 'content': [{'type': 'layoutColumn', 'attrs': {'width': 50.0}, 'content': [{'type': 'layoutSection', 'content': [{'type': 'paragraph', 'content': [{'type': 'text', 'text': ''}]}]}]}, {'type': 'layoutColumn', 'attrs': {'width': 50.0}, 'content': [{'type': 'layoutSection', 'content': [{'type': 'paragraph', 'content': [{'type': 'text', 'text': ''}]}]}]}]}, {'type': 'heading', 'attrs': {'level': 3}, 'content': [{'type': 'text', 'text': 'Nested Complex Elements'}]}, {'type': 'panel', 'attrs': {'panelType': 'note'}, 'content': [{'type': 'paragraph', 'content': [{'type': 'text', 'text': 'Complex Panel', 'marks': [{'type': 'strong'}]}, {'type': 'text', 'text': ' with multiple elements:'}]}, {'type': 'paragraph', 'content': [{'type': 'text', 'text': 'Status: '}, {'type': 'status', 'attrs': {'text': 'Active', 'color': 'green'}}]}, {'type': 'paragraph', 'content': [{'type': 'text', 'text': 'Assigned to: '}, {'type': 'mention', 'attrs': {'id': 'testuser', 'text': '@testuser'}}, {'type': 'text', 'text': ' '}, {'type': 'emoji', 'attrs': {'shortName': ':technologist:', 'text': ':technologist:'}}]}, {'type': 'codeBlock', 'attrs': {'language': 'bash'}, 'content': [{'type': 'text', 'text': '# Commands to run\nnpm install\nnpm test'}]}, {'type': 'paragraph', 'content': [{'type': 'text', 'text': 'Due date: '}, {'type': 'date', 'attrs': {'timestamp': 1719727200000}}]}]}, {'type': 'rule'}, {'type': 'paragraph', 'content': [{'type': 'text', 'text': 'End of formatting test document', 'marks': [{'type': 'em'}]}]}]}}}
ERROR - mcp-atlassian - Error creating page '[E2E] Visual Render Validation mcp-e2e-33452' in space ~911651470: Failed to create page '[E2E] Visual Render Validation mcp-e2e-33452': 400 Client Error: Bad Request for url: https://baseball.atlassian.net/wiki/api/v2/pages
[08/18/25 18:27:02] ERROR    Error calling tool              tool_manager.py:129
                             'create_page': Failed to create                    
                             page '[E2E] Visual Render                          
                             Validation mcp-e2e-33452' in                       
                             space ~911651470: Failed to                        
                             create page '[E2E] Visual                          
                             Render Validation                                  
                             mcp-e2e-33452': 400 Client                         
                             Error: Bad Request for url:                        
                             https://baseball.atlassian.net/                    
                             wiki/api/v2/pages                                  
                             ‚ï≠‚îÄ Traceback (most recent cal‚îÄ‚ïÆ                    
                             ‚îÇ /Users/douglas.mason/Docume ‚îÇ                    
                             ‚îÇ nts/GitHub/mcp-atlassian/sr ‚îÇ                    
                             ‚îÇ c/mcp_atlassian/confluence/ ‚îÇ                    
                             ‚îÇ v2_adapter.py:134 in        ‚îÇ                    
                             ‚îÇ create_page                 ‚îÇ                    
                             ‚îÇ                             ‚îÇ                    
                             ‚îÇ   131 ‚îÇ   ‚îÇ   ‚îÇ   logger.de ‚îÇ                    
                             ‚îÇ   132 ‚îÇ   ‚îÇ   ‚îÇ   logger.de ‚îÇ                    
                             ‚îÇ   133 ‚îÇ   ‚îÇ   ‚îÇ   response  ‚îÇ                    
                             ‚îÇ ‚ù± 134 ‚îÇ   ‚îÇ   ‚îÇ   response. ‚îÇ                    
                             ‚îÇ   135 ‚îÇ   ‚îÇ   ‚îÇ             ‚îÇ                    
                             ‚îÇ   136 ‚îÇ   ‚îÇ   ‚îÇ   result =  ‚îÇ                    
                             ‚îÇ   137 ‚îÇ   ‚îÇ   ‚îÇ   logger.de ‚îÇ                    
                             ‚îÇ                             ‚îÇ                    
                             ‚îÇ /Users/douglas.mason/Docume ‚îÇ                    
                             ‚îÇ nts/GitHub/mcp-atlassian/.v ‚îÇ                    
                             ‚îÇ env/lib/python3.12/site-pac ‚îÇ                    
                             ‚îÇ kages/requests/models.py:10 ‚îÇ                    
                             ‚îÇ 26 in raise_for_status      ‚îÇ                    
                             ‚îÇ                             ‚îÇ                    
                             ‚îÇ   1023 ‚îÇ   ‚îÇ   ‚îÇ   )        ‚îÇ                    
                             ‚îÇ   1024 ‚îÇ   ‚îÇ                ‚îÇ                    
                             ‚îÇ   1025 ‚îÇ   ‚îÇ   if http_erro ‚îÇ                    
                             ‚îÇ ‚ù± 1026 ‚îÇ   ‚îÇ   ‚îÇ   raise HT ‚îÇ                    
                             ‚îÇ   1027 ‚îÇ                    ‚îÇ                    
                             ‚îÇ   1028 ‚îÇ   def close(self): ‚îÇ                    
                             ‚îÇ   1029 ‚îÇ   ‚îÇ   """Releases  ‚îÇ                    
                             ‚ï∞‚îÄ‚îÄ‚îÄ‚îÄ‚îÄ‚îÄ‚îÄ‚îÄ‚îÄ‚îÄ‚îÄ‚îÄ‚îÄ‚îÄ‚îÄ‚îÄ‚îÄ‚îÄ‚îÄ‚îÄ‚îÄ‚îÄ‚îÄ‚îÄ‚îÄ‚îÄ‚îÄ‚îÄ‚îÄ‚ïØ                    
                             HTTPError: 400 Client Error:                       
                             Bad Request for url:                               
                             https://baseball.atlassian.net/                    
                             wiki/api/v2/pages                                  
                                                                                
                             The above exception was the                        
                             direct cause of the following                      
                             exception:                                         
                                                                                
                             ‚ï≠‚îÄ Traceback (most recent cal‚îÄ‚ïÆ                    
                             ‚îÇ /Users/douglas.mason/Docume ‚îÇ                    
                             ‚îÇ nts/GitHub/mcp-atlassian/sr ‚îÇ                    
                             ‚îÇ c/mcp_atlassian/confluence/ ‚îÇ                    
                             ‚îÇ pages.py:334 in create_page ‚îÇ                    
                             ‚îÇ                             ‚îÇ                    
                             ‚îÇ   331 ‚îÇ   ‚îÇ   ‚îÇ   logger.de ‚îÇ                    
                             ‚îÇ   332 ‚îÇ   ‚îÇ   ‚îÇ   ‚îÇ   f"Usi ‚îÇ                    
                             ‚îÇ   333 ‚îÇ   ‚îÇ   ‚îÇ   )         ‚îÇ                    
                             ‚îÇ ‚ù± 334 ‚îÇ   ‚îÇ   ‚îÇ   result =  ‚îÇ                    
                             ‚îÇ   335 ‚îÇ   ‚îÇ   ‚îÇ   ‚îÇ   space ‚îÇ                    
                             ‚îÇ   336 ‚îÇ   ‚îÇ   ‚îÇ   ‚îÇ   title ‚îÇ                    
                             ‚îÇ   337 ‚îÇ   ‚îÇ   ‚îÇ   ‚îÇ   body= ‚îÇ                    
                             ‚îÇ                             ‚îÇ                    
                             ‚îÇ /Users/douglas.mason/Docume ‚îÇ                    
                             ‚îÇ nts/GitHub/mcp-atlassian/sr ‚îÇ                    
                             ‚îÇ c/mcp_atlassian/confluence/ ‚îÇ                    
                             ‚îÇ v2_adapter.py:147 in        ‚îÇ                    
                             ‚îÇ create_page                 ‚îÇ                    
                             ‚îÇ                             ‚îÇ                    
                             ‚îÇ   144 ‚îÇ   ‚îÇ   ‚îÇ   if e.resp ‚îÇ                    
                             ‚îÇ   145 ‚îÇ   ‚îÇ   ‚îÇ   ‚îÇ   logge ‚îÇ                    
                             ‚îÇ   146 ‚îÇ   ‚îÇ   ‚îÇ   ‚îÇ   logge ‚îÇ                    
                             ‚îÇ ‚ù± 147 ‚îÇ   ‚îÇ   ‚îÇ   raise Val ‚îÇ                    
                             ‚îÇ   148 ‚îÇ   ‚îÇ   except Except ‚îÇ                    
                             ‚îÇ   149 ‚îÇ   ‚îÇ   ‚îÇ   logger.er ‚îÇ                    
                             ‚îÇ   150 ‚îÇ   ‚îÇ   ‚îÇ   raise Val ‚îÇ                    
                             ‚ï∞‚îÄ‚îÄ‚îÄ‚îÄ‚îÄ‚îÄ‚îÄ‚îÄ‚îÄ‚îÄ‚îÄ‚îÄ‚îÄ‚îÄ‚îÄ‚îÄ‚îÄ‚îÄ‚îÄ‚îÄ‚îÄ‚îÄ‚îÄ‚îÄ‚îÄ‚îÄ‚îÄ‚îÄ‚îÄ‚ïØ                    
                             ValueError: Failed to create                       
                             page '[E2E] Visual Render                          
                             Validation mcp-e2e-33452': 400                     
                             Client Error: Bad Request for                      
                             url:                                               
                             https://baseball.atlassian.net/                    
                             wiki/api/v2/pages                                  
                                                                                
                             The above exception was the                        
                             direct cause of the following                      
                             exception:                                         
                                                                                
                             ‚ï≠‚îÄ Traceback (most recent cal‚îÄ‚ïÆ                    
                             ‚îÇ /Users/douglas.mason/Docume ‚îÇ                    
                             ‚îÇ nts/GitHub/mcp-atlassian/.v ‚îÇ                    
                             ‚îÇ env/lib/python3.12/site-pac ‚îÇ                    
                             ‚îÇ kages/fastmcp/tools/tool_ma ‚îÇ                    
                             ‚îÇ nager.py:120 in call_tool   ‚îÇ                    
                             ‚îÇ                             ‚îÇ                    
                             ‚îÇ   117 ‚îÇ   ‚îÇ   ‚îÇ   raise Not ‚îÇ                    
                             ‚îÇ   118 ‚îÇ   ‚îÇ                 ‚îÇ                    
                             ‚îÇ   119 ‚îÇ   ‚îÇ   try:          ‚îÇ                    
                             ‚îÇ ‚ù± 120 ‚îÇ   ‚îÇ   ‚îÇ   return aw ‚îÇ                    
                             ‚îÇ   121 ‚îÇ   ‚îÇ                 ‚îÇ                    
                             ‚îÇ   122 ‚îÇ   ‚îÇ   # raise ToolE ‚îÇ                    
                             ‚îÇ   123 ‚îÇ   ‚îÇ   except ToolEr ‚îÇ                    
                             ‚îÇ                             ‚îÇ                    
                             ‚îÇ /Users/douglas.mason/Docume ‚îÇ                    
                             ‚îÇ nts/GitHub/mcp-atlassian/.v ‚îÇ                    
                             ‚îÇ env/lib/python3.12/site-pac ‚îÇ                    
                             ‚îÇ kages/fastmcp/tools/tool.py ‚îÇ                    
                             ‚îÇ :144 in run                 ‚îÇ                    
                             ‚îÇ                             ‚îÇ                    
                             ‚îÇ   141 ‚îÇ   ‚îÇ   type_adapter  ‚îÇ                    
                             ‚îÇ   142 ‚îÇ   ‚îÇ   result = type ‚îÇ                    
                             ‚îÇ   143 ‚îÇ   ‚îÇ   if inspect.is ‚îÇ                    
                             ‚îÇ ‚ù± 144 ‚îÇ   ‚îÇ   ‚îÇ   result =  ‚îÇ                    
                             ‚îÇ   145 ‚îÇ   ‚îÇ                 ‚îÇ                    
                             ‚îÇ   146 ‚îÇ   ‚îÇ   return _conve ‚îÇ                    
                             ‚îÇ   147                       ‚îÇ                    
                             ‚îÇ                             ‚îÇ                    
                             ‚îÇ /Users/douglas.mason/Docume ‚îÇ                    
                             ‚îÇ nts/GitHub/mcp-atlassian/sr ‚îÇ                    
                             ‚îÇ c/mcp_atlassian/utils/decor ‚îÇ                    
                             ‚îÇ ators.py:72 in wrapper      ‚îÇ                    
                             ‚îÇ                             ‚îÇ                    
                             ‚îÇ    69 ‚îÇ   ‚îÇ   ‚îÇ   ‚îÇ   ensur ‚îÇ                    
                             ‚îÇ    70 ‚îÇ   ‚îÇ   ‚îÇ   )         ‚îÇ                    
                             ‚îÇ    71 ‚îÇ   ‚îÇ                 ‚îÇ                    
                             ‚îÇ ‚ù±  72 ‚îÇ   ‚îÇ   return await  ‚îÇ                    
                             ‚îÇ    73 ‚îÇ                     ‚îÇ                    
                             ‚îÇ    74 ‚îÇ   return wrapper  # ‚îÇ                    
                             ‚îÇ    75                       ‚îÇ                    
                             ‚îÇ                             ‚îÇ                    
                             ‚îÇ /Users/douglas.mason/Docume ‚îÇ                    
                             ‚îÇ nts/GitHub/mcp-atlassian/sr ‚îÇ                    
                             ‚îÇ c/mcp_atlassian/servers/con ‚îÇ                    
                             ‚îÇ fluence/pages.py:314 in     ‚îÇ                    
                             ‚îÇ create_page                 ‚îÇ                    
                             ‚îÇ                             ‚îÇ                    
                             ‚îÇ   311 ‚îÇ   ‚îÇ   is_markdown = ‚îÇ                    
                             ‚îÇ   312 ‚îÇ   ‚îÇ   content_repre ‚îÇ                    
                             ‚îÇ   313 ‚îÇ                     ‚îÇ                    
                             ‚îÇ ‚ù± 314 ‚îÇ   page = confluence ‚îÇ                    
                             ‚îÇ   315 ‚îÇ   ‚îÇ   space_id=spac ‚îÇ                    
                             ‚îÇ   316 ‚îÇ   ‚îÇ   title=title,  ‚îÇ                    
                             ‚îÇ   317 ‚îÇ   ‚îÇ   body=content, ‚îÇ                    
                             ‚îÇ                             ‚îÇ                    
                             ‚îÇ /Users/douglas.mason/Docume ‚îÇ                    
                             ‚îÇ nts/GitHub/mcp-atlassian/sr ‚îÇ                    
                             ‚îÇ c/mcp_atlassian/confluence/ ‚îÇ                    
                             ‚îÇ pages.py:352 in create_page ‚îÇ                    
                             ‚îÇ                             ‚îÇ                    
                             ‚îÇ   349 ‚îÇ   ‚îÇ   ‚îÇ   logger.er ‚îÇ                    
                             ‚îÇ   350 ‚îÇ   ‚îÇ   ‚îÇ   ‚îÇ   f"Err ‚îÇ                    
                             ‚îÇ   351 ‚îÇ   ‚îÇ   ‚îÇ   )         ‚îÇ                    
                             ‚îÇ ‚ù± 352 ‚îÇ   ‚îÇ   ‚îÇ   raise Exc ‚îÇ                    
                             ‚îÇ   353 ‚îÇ   ‚îÇ   ‚îÇ   ‚îÇ   f"Fai ‚îÇ                    
                             ‚îÇ   354 ‚îÇ   ‚îÇ   ‚îÇ   ) from e  ‚îÇ                    
                             ‚îÇ   355                       ‚îÇ                    
                             ‚ï∞‚îÄ‚îÄ‚îÄ‚îÄ‚îÄ‚îÄ‚îÄ‚îÄ‚îÄ‚îÄ‚îÄ‚îÄ‚îÄ‚îÄ‚îÄ‚îÄ‚îÄ‚îÄ‚îÄ‚îÄ‚îÄ‚îÄ‚îÄ‚îÄ‚îÄ‚îÄ‚îÄ‚îÄ‚îÄ‚ïØ                    
                             Exception: Failed to create                        
                             page '[E2E] Visual Render                          
                             Validation mcp-e2e-33452' in                       
                             space ~911651470: Failed to                        
                             create page '[E2E] Visual                          
                             Render Validation                                  
                             mcp-e2e-33452': 400 Client                         
                             Error: Bad Request for url:                        
                             https://baseball.atlassian.net/                    
                             wiki/api/v2/pages                                  
ERROR - FastMCP.fastmcp.tools.tool_manager - Error calling tool 'create_page': Failed to create page '[E2E] Visual Render Validation mcp-e2e-33452' in space ~911651470: Failed to create page '[E2E] Visual Render Validation mcp-e2e-33452': 400 Client Error: Bad Request for url: https://baseball.atlassian.net/wiki/api/v2/pages
Traceback (most recent call last):
  File "/Users/douglas.mason/Documents/GitHub/mcp-atlassian/src/mcp_atlassian/confluence/v2_adapter.py", line 134, in create_page
    response.raise_for_status()
  File "/Users/douglas.mason/Documents/GitHub/mcp-atlassian/.venv/lib/python3.12/site-packages/requests/models.py", line 1026, in raise_for_status
    raise HTTPError(http_error_msg, response=self)
requests.exceptions.HTTPError: 400 Client Error: Bad Request for url: https://baseball.atlassian.net/wiki/api/v2/pages

The above exception was the direct cause of the following exception:

Traceback (most recent call last):
  File "/Users/douglas.mason/Documents/GitHub/mcp-atlassian/src/mcp_atlassian/confluence/pages.py", line 334, in create_page
    result = self._v2_adapter_instance.create_page(
             ^^^^^^^^^^^^^^^^^^^^^^^^^^^^^^^^^^^^^^
  File "/Users/douglas.mason/Documents/GitHub/mcp-atlassian/src/mcp_atlassian/confluence/v2_adapter.py", line 147, in create_page
    raise ValueError(f"Failed to create page '{title}': {e}") from e
ValueError: Failed to create page '[E2E] Visual Render Validation mcp-e2e-33452': 400 Client Error: Bad Request for url: https://baseball.atlassian.net/wiki/api/v2/pages

The above exception was the direct cause of the following exception:

Traceback (most recent call last):
  File "/Users/douglas.mason/Documents/GitHub/mcp-atlassian/.venv/lib/python3.12/site-packages/fastmcp/tools/tool_manager.py", line 120, in call_tool
    return await tool.run(arguments)
           ^^^^^^^^^^^^^^^^^^^^^^^^^
  File "/Users/douglas.mason/Documents/GitHub/mcp-atlassian/.venv/lib/python3.12/site-packages/fastmcp/tools/tool.py", line 144, in run
    result = await result
             ^^^^^^^^^^^^
  File "/Users/douglas.mason/Documents/GitHub/mcp-atlassian/src/mcp_atlassian/utils/decorators.py", line 72, in wrapper
    return await func(ctx, *args, **kwargs)
           ^^^^^^^^^^^^^^^^^^^^^^^^^^^^^^^^
  File "/Users/douglas.mason/Documents/GitHub/mcp-atlassian/src/mcp_atlassian/servers/confluence/pages.py", line 314, in create_page
    page = confluence_fetcher.create_page(
           ^^^^^^^^^^^^^^^^^^^^^^^^^^^^^^^
  File "/Users/douglas.mason/Documents/GitHub/mcp-atlassian/src/mcp_atlassian/confluence/pages.py", line 352, in create_page
    raise Exception(
Exception: Failed to create page '[E2E] Visual Render Validation mcp-e2e-33452' in space ~911651470: Failed to create page '[E2E] Visual Render Validation mcp-e2e-33452': 400 Client Error: Bad Request for url: https://baseball.atlassian.net/wiki/api/v2/pages
ERROR - mcp-jira - Error creating Task: Validation error: INVALID_INPUT
ERROR - mcp_atlassian.utils.tool_helpers - Unexpected error in tool 'create_issue': Validation error: INVALID_INPUT
Traceback (most recent call last):
  File "/Users/douglas.mason/Documents/GitHub/mcp-atlassian/src/mcp_atlassian/utils/tool_helpers.py", line 32, in wrapper
    result = await func(*args, **kwargs)
             ^^^^^^^^^^^^^^^^^^^^^^^^^^^
  File "/Users/douglas.mason/Documents/GitHub/mcp-atlassian/src/mcp_atlassian/servers/jira/issues.py", line 167, in create_issue
    return await server_instance.create_issue(
           ^^^^^^^^^^^^^^^^^^^^^^^^^^^^^^^^^^^
  File "/Users/douglas.mason/Documents/GitHub/mcp-atlassian/src/mcp_atlassian/servers/jira/mixins/creation.py", line 113, in create_issue
    issue = jira.create_issue(
            ^^^^^^^^^^^^^^^^^^
  File "/Users/douglas.mason/Documents/GitHub/mcp-atlassian/src/mcp_atlassian/jira/mixins/creation.py", line 128, in create_issue
    result = self.jira.create_issue(fields=fields)
             ^^^^^^^^^^^^^^^^^^^^^^^^^^^^^^^^^^^^^
  File "/Users/douglas.mason/Documents/GitHub/mcp-atlassian/src/mcp_atlassian/rest/jira_adapter.py", line 100, in create_issue
    return self.client.create_issue(fields)
           ^^^^^^^^^^^^^^^^^^^^^^^^^^^^^^^^
  File "/Users/douglas.mason/Documents/GitHub/mcp-atlassian/src/mcp_atlassian/rest/jira_v3.py", line 137, in create_issue
    return self.post("/rest/api/3/issue", json_data=data)
           ^^^^^^^^^^^^^^^^^^^^^^^^^^^^^^^^^^^^^^^^^^^^^^
  File "/Users/douglas.mason/Documents/GitHub/mcp-atlassian/src/mcp_atlassian/rest/base.py", line 363, in post
    return self.request(
           ^^^^^^^^^^^^^
  File "/Users/douglas.mason/Documents/GitHub/mcp-atlassian/src/mcp_atlassian/rest/base.py", line 310, in request
    self._handle_response_error(response)
  File "/Users/douglas.mason/Documents/GitHub/mcp-atlassian/src/mcp_atlassian/rest/base.py", line 184, in _handle_response_error
    raise MCPAtlassianValidationError(f"Validation error: {error_message}")
mcp_atlassian.exceptions.MCPAtlassianValidationError: Validation error: INVALID_INPUT
ERROR - mcp-atlassian - HTTP error creating page '[E2E] Visual Render Validation mcp-e2e-45622': 400 Client Error: Bad Request for url: https://baseball.atlassian.net/wiki/api/v2/pages
ERROR - mcp-atlassian - Response content: {"errors":[{"status":400,"code":"INVALID_MESSAGE","title":"Invalid message","detail":null}]}
ERROR - mcp-atlassian - Request was: {'spaceId': '2347565058', 'status': 'current', 'title': '[E2E] Visual Render Validation mcp-e2e-45622', 'body': {'representation': 'atlas_doc_format', 'value': {'version': 1, 'type': 'doc', 'content': [{'type': 'heading', 'attrs': {'level': 1}, 'content': [{'type': 'text', 'text': 'Formatting Elements Being Tested'}]}, {'type': 'heading', 'attrs': {'level': 2}, 'content': [{'type': 'text', 'text': 'Test Objectives'}]}, {'type': 'paragraph', 'content': [{'type': 'text', 'text': 'This page tests comprehensive markdown and ADF rendering for e2e validation.'}]}, {'type': 'heading', 'attrs': {'level': 3}, 'content': [{'type': 'text', 'text': 'Basic Formatting'}]}, {'type': 'bulletList', 'content': [{'type': 'listItem', 'content': [{'type': 'paragraph', 'content': [{'type': 'text', 'text': 'Bullet Points'}]}]}, {'type': 'listItem', 'content': [{'type': 'paragraph', 'content': [{'type': 'text', 'text': 'Bold text', 'marks': [{'type': 'strong'}]}, {'type': 'text', 'text': ' and '}, {'type': 'text', 'text': 'italic text', 'marks': [{'type': 'em'}]}]}]}, {'type': 'listItem', 'content': [{'type': 'paragraph', 'content': [{'type': 'text', 'text': 'Strikethrough text', 'marks': [{'type': 'strike'}]}]}]}, {'type': 'listItem', 'content': [{'type': 'paragraph', 'content': [{'type': 'text', 'text': 'inline code', 'marks': [{'type': 'code'}]}, {'type': 'text', 'text': ' elements'}]}]}]}, {'type': 'heading', 'attrs': {'level': 3}, 'content': [{'type': 'text', 'text': 'Numbered Lists'}]}, {'type': 'orderedList', 'content': [{'type': 'listItem', 'content': [{'type': 'paragraph', 'content': [{'type': 'text', 'text': 'One'}]}]}, {'type': 'listItem', 'content': [{'type': 'paragraph', 'content': [{'type': 'text', 'text': 'Two'}]}]}, {'type': 'listItem', 'content': [{'type': 'paragraph', 'content': [{'type': 'text', 'text': 'Three'}]}]}]}, {'type': 'heading', 'attrs': {'level': 3}, 'content': [{'type': 'text', 'text': 'Blockquote'}]}, {'type': 'blockquote', 'content': [{'type': 'paragraph', 'content': [{'type': 'text', 'text': 'This is a blockquote with important informationthat spans multiple lines.'}]}]}, {'type': 'heading', 'attrs': {'level': 3}, 'content': [{'type': 'text', 'text': 'Code Blocks'}]}, {'type': 'codeBlock', 'attrs': {'language': 'typescript'}, 'content': [{'type': 'text', 'text': "// TypeScript code block\nconsole.log('hello');\nfunction test(): string {\n  return 'testing';\n}"}]}, {'type': 'heading', 'attrs': {'level': 3}, 'content': [{'type': 'text', 'text': 'Data Tables'}]}, {'type': 'table', 'content': [{'type': 'tableRow', 'content': [{'type': 'tableHeader', 'content': [{'type': 'paragraph', 'content': [{'type': 'text', 'text': 'Col A'}]}]}, {'type': 'tableHeader', 'content': [{'type': 'paragraph', 'content': [{'type': 'text', 'text': 'Col B'}]}]}, {'type': 'tableHeader', 'content': [{'type': 'paragraph', 'content': [{'type': 'text', 'text': 'Col C'}]}]}]}, {'type': 'tableRow', 'content': [{'type': 'tableCell', 'content': [{'type': 'paragraph', 'content': [{'type': 'text', 'text': 'A'}]}]}, {'type': 'tableCell', 'content': [{'type': 'paragraph', 'content': [{'type': 'text', 'text': 'B'}]}]}, {'type': 'tableCell', 'content': [{'type': 'paragraph', 'content': [{'type': 'text', 'text': 'C'}]}]}]}, {'type': 'tableRow', 'content': [{'type': 'tableCell', 'content': [{'type': 'paragraph', 'content': [{'type': 'text', 'text': '1'}]}]}, {'type': 'tableCell', 'content': [{'type': 'paragraph', 'content': [{'type': 'text', 'text': '2'}]}]}, {'type': 'tableCell', 'content': [{'type': 'paragraph', 'content': [{'type': 'text', 'text': '3'}]}]}]}, {'type': 'tableRow', 'content': [{'type': 'tableCell', 'content': [{'type': 'paragraph', 'content': [{'type': 'text', 'text': 'Alpha'}]}]}, {'type': 'tableCell', 'content': [{'type': 'paragraph', 'content': [{'type': 'text', 'text': 'Beta'}]}]}, {'type': 'tableCell', 'content': [{'type': 'paragraph', 'content': [{'type': 'text', 'text': 'Gamma'}]}]}]}]}, {'type': 'heading', 'attrs': {'level': 3}, 'content': [{'type': 'text', 'text': 'ADF Panel Elements'}]}, {'type': 'panel', 'attrs': {'panelType': 'info'}, 'content': [{'type': 'paragraph', 'content': [{'type': 'text', 'text': 'This is an '}, {'type': 'text', 'text': 'info panel', 'marks': [{'type': 'strong'}]}, {'type': 'text', 'text': ' with '}, {'type': 'text', 'text': 'code', 'marks': [{'type': 'code'}]}, {'type': 'text', 'text': ' and '}, {'type': 'text', 'text': 'italic', 'marks': [{'type': 'em'}]}, {'type': 'text', 'text': ' text.'}]}]}, {'type': 'panel', 'attrs': {'panelType': 'warning'}, 'content': [{'type': 'paragraph', 'content': [{'type': 'text', 'text': 'Warning:', 'marks': [{'type': 'strong'}]}, {'type': 'text', 'text': ' This panel contains important information!'}]}]}, {'type': 'panel', 'attrs': {'panelType': 'error'}, 'content': [{'type': 'paragraph', 'content': [{'type': 'text', 'text': 'Error panel with critical information.'}]}]}, {'type': 'panel', 'attrs': {'panelType': 'success'}, 'content': [{'type': 'paragraph', 'content': [{'type': 'text', 'text': 'Success! All tests are passing.'}]}]}, {'type': 'heading', 'attrs': {'level': 3}, 'content': [{'type': 'text', 'text': 'Status Badges'}]}, {'type': 'paragraph', 'content': [{'type': 'text', 'text': 'Project status: '}, {'type': 'status', 'attrs': {'text': 'Complete', 'color': 'green'}}]}, {'type': 'paragraph', 'content': [{'type': 'text', 'text': 'Task status: '}, {'type': 'status', 'attrs': {'text': 'In Progress', 'color': 'blue'}}]}, {'type': 'paragraph', 'content': [{'type': 'text', 'text': 'Issue status: '}, {'type': 'status', 'attrs': {'text': 'Blocked', 'color': 'red'}}]}, {'type': 'paragraph', 'content': [{'type': 'text', 'text': 'Review status: '}, {'type': 'status', 'attrs': {'text': 'Pending', 'color': 'yellow'}}]}, {'type': 'heading', 'attrs': {'level': 3}, 'content': [{'type': 'text', 'text': 'User Mentions'}]}, {'type': 'paragraph', 'content': [{'type': 'text', 'text': 'This task was completed by '}, {'type': 'mention', 'attrs': {'id': 'testuser', 'text': '@testuser'}}, {'type': 'text', 'text': ' and reviewed by '}, {'type': 'mention', 'attrs': {'id': 'test.user', 'text': '@Test User'}}, {'type': 'text', 'text': '.'}]}, {'type': 'heading', 'attrs': {'level': 3}, 'content': [{'type': 'text', 'text': 'Emoji Support'}]}, {'type': 'paragraph', 'content': [{'type': 'text', 'text': 'Great work! '}, {'type': 'emoji', 'attrs': {'shortName': ':thumbsup:', 'text': 'üëç'}}, {'type': 'text', 'text': ' '}, {'type': 'emoji', 'attrs': {'shortName': ':rocket:', 'text': ':rocket:'}}, {'type': 'text', 'text': ' '}, {'type': 'emoji', 'attrs': {'shortName': ':white_check_mark:', 'text': ':white_check_mark:'}}]}, {'type': 'paragraph', 'content': [{'type': 'text', 'text': 'Status indicators: '}, {'type': 'emoji', 'attrs': {'shortName': ':warning:', 'text': '‚ö†Ô∏è'}}, {'type': 'text', 'text': ' '}, {'type': 'emoji', 'attrs': {'shortName': ':information_source:', 'text': ':information_source:'}}, {'type': 'text', 'text': ' '}, {'type': 'emoji', 'attrs': {'shortName': ':x:', 'text': ':x:'}}]}, {'type': 'heading', 'attrs': {'level': 3}, 'content': [{'type': 'text', 'text': 'Expand/Collapse Sections'}]}, {'type': 'expand', 'attrs': {'title': 'Click to expand details'}, 'content': [{'type': 'paragraph', 'content': [{'type': 'text', 'text': 'This content is hidden by default and can be expanded.'}]}, {'type': 'bulletList', 'content': [{'type': 'listItem', 'content': [{'type': 'paragraph', 'content': [{'type': 'text', 'text': 'Hidden bullet point'}]}]}, {'type': 'listItem', 'content': [{'type': 'paragraph', 'content': [{'type': 'text', 'text': 'Another hidden item'}]}]}, {'type': 'listItem', 'content': [{'type': 'paragraph', 'content': [{'type': 'text', 'text': 'hidden code', 'marks': [{'type': 'code'}]}, {'type': 'text', 'text': ' example'}]}]}]}, {'type': 'table', 'content': [{'type': 'tableRow', 'content': [{'type': 'tableHeader', 'content': [{'type': 'paragraph', 'content': [{'type': 'text', 'text': 'Hidden'}]}]}, {'type': 'tableHeader', 'content': [{'type': 'paragraph', 'content': [{'type': 'text', 'text': 'Table'}]}]}]}, {'type': 'tableRow', 'content': [{'type': 'tableCell', 'content': [{'type': 'paragraph', 'content': [{'type': 'text', 'text': 'Data'}]}]}, {'type': 'tableCell', 'content': [{'type': 'paragraph', 'content': [{'type': 'text', 'text': 'Values'}]}]}]}]}]}, {'type': 'expand', 'attrs': {'title': 'Technical Implementation'}, 'content': [{'type': 'codeBlock', 'attrs': {'language': 'javascript'}, 'content': [{'type': 'text', 'text': "// Implementation details\nconst config = {\n  mode: 'production',\n  debug: false\n};"}]}]}, {'type': 'heading', 'attrs': {'level': 3}, 'content': [{'type': 'text', 'text': 'Date Elements'}]}, {'type': 'paragraph', 'content': [{'type': 'text', 'text': 'Project started: '}, {'type': 'date', 'attrs': {'timestamp': 1705302000000}}]}, {'type': 'paragraph', 'content': [{'type': 'text', 'text': 'Deadline: '}, {'type': 'date', 'attrs': {'timestamp': 1735628400000}}]}, {'type': 'heading', 'attrs': {'level': 3}, 'content': [{'type': 'text', 'text': 'Layout Sections'}]}, {'type': 'layout', 'content': [{'type': 'layoutColumn', 'attrs': {'width': 50.0}, 'content': [{'type': 'layoutSection', 'content': [{'type': 'paragraph', 'content': [{'type': 'text', 'text': ''}]}]}]}, {'type': 'layoutColumn', 'attrs': {'width': 50.0}, 'content': [{'type': 'layoutSection', 'content': [{'type': 'paragraph', 'content': [{'type': 'text', 'text': ''}]}]}]}]}, {'type': 'heading', 'attrs': {'level': 3}, 'content': [{'type': 'text', 'text': 'Nested Complex Elements'}]}, {'type': 'panel', 'attrs': {'panelType': 'note'}, 'content': [{'type': 'paragraph', 'content': [{'type': 'text', 'text': 'Complex Panel', 'marks': [{'type': 'strong'}]}, {'type': 'text', 'text': ' with multiple elements:'}]}, {'type': 'paragraph', 'content': [{'type': 'text', 'text': 'Status: '}, {'type': 'status', 'attrs': {'text': 'Active', 'color': 'green'}}]}, {'type': 'paragraph', 'content': [{'type': 'text', 'text': 'Assigned to: '}, {'type': 'mention', 'attrs': {'id': 'testuser', 'text': '@testuser'}}, {'type': 'text', 'text': ' '}, {'type': 'emoji', 'attrs': {'shortName': ':technologist:', 'text': ':technologist:'}}]}, {'type': 'codeBlock', 'attrs': {'language': 'bash'}, 'content': [{'type': 'text', 'text': '# Commands to run\nnpm install\nnpm test'}]}, {'type': 'paragraph', 'content': [{'type': 'text', 'text': 'Due date: '}, {'type': 'date', 'attrs': {'timestamp': 1719727200000}}]}]}, {'type': 'rule'}, {'type': 'paragraph', 'content': [{'type': 'text', 'text': 'End of formatting test document', 'marks': [{'type': 'em'}]}]}]}}}
ERROR - mcp-atlassian - Error creating page '[E2E] Visual Render Validation mcp-e2e-45622' in space ~911651470: Failed to create page '[E2E] Visual Render Validation mcp-e2e-45622': 400 Client Error: Bad Request for url: https://baseball.atlassian.net/wiki/api/v2/pages
[08/18/25 18:47:36] ERROR    Error calling tool              tool_manager.py:129
                             'create_page': Failed to create                    
                             page '[E2E] Visual Render                          
                             Validation mcp-e2e-45622' in                       
                             space ~911651470: Failed to                        
                             create page '[E2E] Visual                          
                             Render Validation                                  
                             mcp-e2e-45622': 400 Client                         
                             Error: Bad Request for url:                        
                             https://baseball.atlassian.net/                    
                             wiki/api/v2/pages                                  
                             ‚ï≠‚îÄ Traceback (most recent cal‚îÄ‚ïÆ                    
                             ‚îÇ /Users/douglas.mason/Docume ‚îÇ                    
                             ‚îÇ nts/GitHub/mcp-atlassian/sr ‚îÇ                    
                             ‚îÇ c/mcp_atlassian/confluence/ ‚îÇ                    
                             ‚îÇ v2_adapter.py:134 in        ‚îÇ                    
                             ‚îÇ create_page                 ‚îÇ                    
                             ‚îÇ                             ‚îÇ                    
                             ‚îÇ   131 ‚îÇ   ‚îÇ   ‚îÇ   logger.de ‚îÇ                    
                             ‚îÇ   132 ‚îÇ   ‚îÇ   ‚îÇ   logger.de ‚îÇ                    
                             ‚îÇ   133 ‚îÇ   ‚îÇ   ‚îÇ   response  ‚îÇ                    
                             ‚îÇ ‚ù± 134 ‚îÇ   ‚îÇ   ‚îÇ   response. ‚îÇ                    
                             ‚îÇ   135 ‚îÇ   ‚îÇ   ‚îÇ             ‚îÇ                    
                             ‚îÇ   136 ‚îÇ   ‚îÇ   ‚îÇ   result =  ‚îÇ                    
                             ‚îÇ   137 ‚îÇ   ‚îÇ   ‚îÇ   logger.de ‚îÇ                    
                             ‚îÇ                             ‚îÇ                    
                             ‚îÇ /Users/douglas.mason/Docume ‚îÇ                    
                             ‚îÇ nts/GitHub/mcp-atlassian/.v ‚îÇ                    
                             ‚îÇ env/lib/python3.12/site-pac ‚îÇ                    
                             ‚îÇ kages/requests/models.py:10 ‚îÇ                    
                             ‚îÇ 26 in raise_for_status      ‚îÇ                    
                             ‚îÇ                             ‚îÇ                    
                             ‚îÇ   1023 ‚îÇ   ‚îÇ   ‚îÇ   )        ‚îÇ                    
                             ‚îÇ   1024 ‚îÇ   ‚îÇ                ‚îÇ                    
                             ‚îÇ   1025 ‚îÇ   ‚îÇ   if http_erro ‚îÇ                    
                             ‚îÇ ‚ù± 1026 ‚îÇ   ‚îÇ   ‚îÇ   raise HT ‚îÇ                    
                             ‚îÇ   1027 ‚îÇ                    ‚îÇ                    
                             ‚îÇ   1028 ‚îÇ   def close(self): ‚îÇ                    
                             ‚îÇ   1029 ‚îÇ   ‚îÇ   """Releases  ‚îÇ                    
                             ‚ï∞‚îÄ‚îÄ‚îÄ‚îÄ‚îÄ‚îÄ‚îÄ‚îÄ‚îÄ‚îÄ‚îÄ‚îÄ‚îÄ‚îÄ‚îÄ‚îÄ‚îÄ‚îÄ‚îÄ‚îÄ‚îÄ‚îÄ‚îÄ‚îÄ‚îÄ‚îÄ‚îÄ‚îÄ‚îÄ‚ïØ                    
                             HTTPError: 400 Client Error:                       
                             Bad Request for url:                               
                             https://baseball.atlassian.net/                    
                             wiki/api/v2/pages                                  
                                                                                
                             The above exception was the                        
                             direct cause of the following                      
                             exception:                                         
                                                                                
                             ‚ï≠‚îÄ Traceback (most recent cal‚îÄ‚ïÆ                    
                             ‚îÇ /Users/douglas.mason/Docume ‚îÇ                    
                             ‚îÇ nts/GitHub/mcp-atlassian/sr ‚îÇ                    
                             ‚îÇ c/mcp_atlassian/confluence/ ‚îÇ                    
                             ‚îÇ pages.py:334 in create_page ‚îÇ                    
                             ‚îÇ                             ‚îÇ                    
                             ‚îÇ   331 ‚îÇ   ‚îÇ   ‚îÇ   logger.de ‚îÇ                    
                             ‚îÇ   332 ‚îÇ   ‚îÇ   ‚îÇ   ‚îÇ   f"Usi ‚îÇ                    
                             ‚îÇ   333 ‚îÇ   ‚îÇ   ‚îÇ   )         ‚îÇ                    
                             ‚îÇ ‚ù± 334 ‚îÇ   ‚îÇ   ‚îÇ   result =  ‚îÇ                    
                             ‚îÇ   335 ‚îÇ   ‚îÇ   ‚îÇ   ‚îÇ   space ‚îÇ                    
                             ‚îÇ   336 ‚îÇ   ‚îÇ   ‚îÇ   ‚îÇ   title ‚îÇ                    
                             ‚îÇ   337 ‚îÇ   ‚îÇ   ‚îÇ   ‚îÇ   body= ‚îÇ                    
                             ‚îÇ                             ‚îÇ                    
                             ‚îÇ /Users/douglas.mason/Docume ‚îÇ                    
                             ‚îÇ nts/GitHub/mcp-atlassian/sr ‚îÇ                    
                             ‚îÇ c/mcp_atlassian/confluence/ ‚îÇ                    
                             ‚îÇ v2_adapter.py:147 in        ‚îÇ                    
                             ‚îÇ create_page                 ‚îÇ                    
                             ‚îÇ                             ‚îÇ                    
                             ‚îÇ   144 ‚îÇ   ‚îÇ   ‚îÇ   if e.resp ‚îÇ                    
                             ‚îÇ   145 ‚îÇ   ‚îÇ   ‚îÇ   ‚îÇ   logge ‚îÇ                    
                             ‚îÇ   146 ‚îÇ   ‚îÇ   ‚îÇ   ‚îÇ   logge ‚îÇ                    
                             ‚îÇ ‚ù± 147 ‚îÇ   ‚îÇ   ‚îÇ   raise Val ‚îÇ                    
                             ‚îÇ   148 ‚îÇ   ‚îÇ   except Except ‚îÇ                    
                             ‚îÇ   149 ‚îÇ   ‚îÇ   ‚îÇ   logger.er ‚îÇ                    
                             ‚îÇ   150 ‚îÇ   ‚îÇ   ‚îÇ   raise Val ‚îÇ                    
                             ‚ï∞‚îÄ‚îÄ‚îÄ‚îÄ‚îÄ‚îÄ‚îÄ‚îÄ‚îÄ‚îÄ‚îÄ‚îÄ‚îÄ‚îÄ‚îÄ‚îÄ‚îÄ‚îÄ‚îÄ‚îÄ‚îÄ‚îÄ‚îÄ‚îÄ‚îÄ‚îÄ‚îÄ‚îÄ‚îÄ‚ïØ                    
                             ValueError: Failed to create                       
                             page '[E2E] Visual Render                          
                             Validation mcp-e2e-45622': 400                     
                             Client Error: Bad Request for                      
                             url:                                               
                             https://baseball.atlassian.net/                    
                             wiki/api/v2/pages                                  
                                                                                
                             The above exception was the                        
                             direct cause of the following                      
                             exception:                                         
                                                                                
                             ‚ï≠‚îÄ Traceback (most recent cal‚îÄ‚ïÆ                    
                             ‚îÇ /Users/douglas.mason/Docume ‚îÇ                    
                             ‚îÇ nts/GitHub/mcp-atlassian/.v ‚îÇ                    
                             ‚îÇ env/lib/python3.12/site-pac ‚îÇ                    
                             ‚îÇ kages/fastmcp/tools/tool_ma ‚îÇ                    
                             ‚îÇ nager.py:120 in call_tool   ‚îÇ                    
                             ‚îÇ                             ‚îÇ                    
                             ‚îÇ   117 ‚îÇ   ‚îÇ   ‚îÇ   raise Not ‚îÇ                    
                             ‚îÇ   118 ‚îÇ   ‚îÇ                 ‚îÇ                    
                             ‚îÇ   119 ‚îÇ   ‚îÇ   try:          ‚îÇ                    
                             ‚îÇ ‚ù± 120 ‚îÇ   ‚îÇ   ‚îÇ   return aw ‚îÇ                    
                             ‚îÇ   121 ‚îÇ   ‚îÇ                 ‚îÇ                    
                             ‚îÇ   122 ‚îÇ   ‚îÇ   # raise ToolE ‚îÇ                    
                             ‚îÇ   123 ‚îÇ   ‚îÇ   except ToolEr ‚îÇ                    
                             ‚îÇ                             ‚îÇ                    
                             ‚îÇ /Users/douglas.mason/Docume ‚îÇ                    
                             ‚îÇ nts/GitHub/mcp-atlassian/.v ‚îÇ                    
                             ‚îÇ env/lib/python3.12/site-pac ‚îÇ                    
                             ‚îÇ kages/fastmcp/tools/tool.py ‚îÇ                    
                             ‚îÇ :144 in run                 ‚îÇ                    
                             ‚îÇ                             ‚îÇ                    
                             ‚îÇ   141 ‚îÇ   ‚îÇ   type_adapter  ‚îÇ                    
                             ‚îÇ   142 ‚îÇ   ‚îÇ   result = type ‚îÇ                    
                             ‚îÇ   143 ‚îÇ   ‚îÇ   if inspect.is ‚îÇ                    
                             ‚îÇ ‚ù± 144 ‚îÇ   ‚îÇ   ‚îÇ   result =  ‚îÇ                    
                             ‚îÇ   145 ‚îÇ   ‚îÇ                 ‚îÇ                    
                             ‚îÇ   146 ‚îÇ   ‚îÇ   return _conve ‚îÇ                    
                             ‚îÇ   147                       ‚îÇ                    
                             ‚îÇ                             ‚îÇ                    
                             ‚îÇ /Users/douglas.mason/Docume ‚îÇ                    
                             ‚îÇ nts/GitHub/mcp-atlassian/sr ‚îÇ                    
                             ‚îÇ c/mcp_atlassian/utils/decor ‚îÇ                    
                             ‚îÇ ators.py:72 in wrapper      ‚îÇ                    
                             ‚îÇ                             ‚îÇ                    
                             ‚îÇ    69 ‚îÇ   ‚îÇ   ‚îÇ   ‚îÇ   ensur ‚îÇ                    
                             ‚îÇ    70 ‚îÇ   ‚îÇ   ‚îÇ   )         ‚îÇ                    
                             ‚îÇ    71 ‚îÇ   ‚îÇ                 ‚îÇ                    
                             ‚îÇ ‚ù±  72 ‚îÇ   ‚îÇ   return await  ‚îÇ                    
                             ‚îÇ    73 ‚îÇ                     ‚îÇ                    
                             ‚îÇ    74 ‚îÇ   return wrapper  # ‚îÇ                    
                             ‚îÇ    75                       ‚îÇ                    
                             ‚îÇ                             ‚îÇ                    
                             ‚îÇ /Users/douglas.mason/Docume ‚îÇ                    
                             ‚îÇ nts/GitHub/mcp-atlassian/sr ‚îÇ                    
                             ‚îÇ c/mcp_atlassian/servers/con ‚îÇ                    
                             ‚îÇ fluence/pages.py:314 in     ‚îÇ                    
                             ‚îÇ create_page                 ‚îÇ                    
                             ‚îÇ                             ‚îÇ                    
                             ‚îÇ   311 ‚îÇ   ‚îÇ   is_markdown = ‚îÇ                    
                             ‚îÇ   312 ‚îÇ   ‚îÇ   content_repre ‚îÇ                    
                             ‚îÇ   313 ‚îÇ                     ‚îÇ                    
                             ‚îÇ ‚ù± 314 ‚îÇ   page = confluence ‚îÇ                    
                             ‚îÇ   315 ‚îÇ   ‚îÇ   space_id=spac ‚îÇ                    
                             ‚îÇ   316 ‚îÇ   ‚îÇ   title=title,  ‚îÇ                    
                             ‚îÇ   317 ‚îÇ   ‚îÇ   body=content, ‚îÇ                    
                             ‚îÇ                             ‚îÇ                    
                             ‚îÇ /Users/douglas.mason/Docume ‚îÇ                    
                             ‚îÇ nts/GitHub/mcp-atlassian/sr ‚îÇ                    
                             ‚îÇ c/mcp_atlassian/confluence/ ‚îÇ                    
                             ‚îÇ pages.py:352 in create_page ‚îÇ                    
                             ‚îÇ                             ‚îÇ                    
                             ‚îÇ   349 ‚îÇ   ‚îÇ   ‚îÇ   logger.er ‚îÇ                    
                             ‚îÇ   350 ‚îÇ   ‚îÇ   ‚îÇ   ‚îÇ   f"Err ‚îÇ                    
                             ‚îÇ   351 ‚îÇ   ‚îÇ   ‚îÇ   )         ‚îÇ                    
                             ‚îÇ ‚ù± 352 ‚îÇ   ‚îÇ   ‚îÇ   raise Exc ‚îÇ                    
                             ‚îÇ   353 ‚îÇ   ‚îÇ   ‚îÇ   ‚îÇ   f"Fai ‚îÇ                    
                             ‚îÇ   354 ‚îÇ   ‚îÇ   ‚îÇ   ) from e  ‚îÇ                    
                             ‚îÇ   355                       ‚îÇ                    
                             ‚ï∞‚îÄ‚îÄ‚îÄ‚îÄ‚îÄ‚îÄ‚îÄ‚îÄ‚îÄ‚îÄ‚îÄ‚îÄ‚îÄ‚îÄ‚îÄ‚îÄ‚îÄ‚îÄ‚îÄ‚îÄ‚îÄ‚îÄ‚îÄ‚îÄ‚îÄ‚îÄ‚îÄ‚îÄ‚îÄ‚ïØ                    
                             Exception: Failed to create                        
                             page '[E2E] Visual Render                          
                             Validation mcp-e2e-45622' in                       
                             space ~911651470: Failed to                        
                             create page '[E2E] Visual                          
                             Render Validation                                  
                             mcp-e2e-45622': 400 Client                         
                             Error: Bad Request for url:                        
                             https://baseball.atlassian.net/                    
                             wiki/api/v2/pages                                  
ERROR - FastMCP.fastmcp.tools.tool_manager - Error calling tool 'create_page': Failed to create page '[E2E] Visual Render Validation mcp-e2e-45622' in space ~911651470: Failed to create page '[E2E] Visual Render Validation mcp-e2e-45622': 400 Client Error: Bad Request for url: https://baseball.atlassian.net/wiki/api/v2/pages
Traceback (most recent call last):
  File "/Users/douglas.mason/Documents/GitHub/mcp-atlassian/src/mcp_atlassian/confluence/v2_adapter.py", line 134, in create_page
    response.raise_for_status()
  File "/Users/douglas.mason/Documents/GitHub/mcp-atlassian/.venv/lib/python3.12/site-packages/requests/models.py", line 1026, in raise_for_status
    raise HTTPError(http_error_msg, response=self)
requests.exceptions.HTTPError: 400 Client Error: Bad Request for url: https://baseball.atlassian.net/wiki/api/v2/pages

The above exception was the direct cause of the following exception:

Traceback (most recent call last):
  File "/Users/douglas.mason/Documents/GitHub/mcp-atlassian/src/mcp_atlassian/confluence/pages.py", line 334, in create_page
    result = self._v2_adapter_instance.create_page(
             ^^^^^^^^^^^^^^^^^^^^^^^^^^^^^^^^^^^^^^
  File "/Users/douglas.mason/Documents/GitHub/mcp-atlassian/src/mcp_atlassian/confluence/v2_adapter.py", line 147, in create_page
    raise ValueError(f"Failed to create page '{title}': {e}") from e
ValueError: Failed to create page '[E2E] Visual Render Validation mcp-e2e-45622': 400 Client Error: Bad Request for url: https://baseball.atlassian.net/wiki/api/v2/pages

The above exception was the direct cause of the following exception:

Traceback (most recent call last):
  File "/Users/douglas.mason/Documents/GitHub/mcp-atlassian/.venv/lib/python3.12/site-packages/fastmcp/tools/tool_manager.py", line 120, in call_tool
    return await tool.run(arguments)
           ^^^^^^^^^^^^^^^^^^^^^^^^^
  File "/Users/douglas.mason/Documents/GitHub/mcp-atlassian/.venv/lib/python3.12/site-packages/fastmcp/tools/tool.py", line 144, in run
    result = await result
             ^^^^^^^^^^^^
  File "/Users/douglas.mason/Documents/GitHub/mcp-atlassian/src/mcp_atlassian/utils/decorators.py", line 72, in wrapper
    return await func(ctx, *args, **kwargs)
           ^^^^^^^^^^^^^^^^^^^^^^^^^^^^^^^^
  File "/Users/douglas.mason/Documents/GitHub/mcp-atlassian/src/mcp_atlassian/servers/confluence/pages.py", line 314, in create_page
    page = confluence_fetcher.create_page(
           ^^^^^^^^^^^^^^^^^^^^^^^^^^^^^^^
  File "/Users/douglas.mason/Documents/GitHub/mcp-atlassian/src/mcp_atlassian/confluence/pages.py", line 352, in create_page
    raise Exception(
Exception: Failed to create page '[E2E] Visual Render Validation mcp-e2e-45622' in space ~911651470: Failed to create page '[E2E] Visual Render Validation mcp-e2e-45622': 400 Client Error: Bad Request for url: https://baseball.atlassian.net/wiki/api/v2/pages
ERROR:    Cancel 0 running task(s), timeout graceful shutdown exceeded
